#
# There is insufficient memory for the Java Runtime Environment to continue.
# Native memory allocation (mmap) failed to map 132120576 bytes. Error detail: G1 virtual space
# Possible reasons:
#   The system is out of physical RAM or swap space
#   This process is running with CompressedOops enabled, and the Java Heap may be blocking the growth of the native heap
# Possible solutions:
#   Reduce memory load on the system
#   Increase physical memory or swap space
#   Check if swap backing store is full
#   Decrease Java heap size (-Xmx/-Xms)
#   Decrease number of Java threads
#   Decrease Java thread stack sizes (-Xss)
#   Set larger code cache with -XX:ReservedCodeCacheSize=
#   JVM is running with Unscaled Compressed Oops mode in which the Java heap is
#     placed in the first 4GB address space. The Java Heap base address is the
#     maximum limit for the native heap growth. Please use -XX:HeapBaseMinAddress
#     to set the Java Heap base and to place the Java Heap above 4GB virtual address.
# This output file may be truncated or incomplete.
#
#  Out of Memory Error (os_windows.cpp:3828), pid=8384, tid=13648
#
# JRE version:  (21.0.5) (build )
# Java VM: OpenJDK 64-Bit Server VM (21.0.5+-13047016-b750.29, mixed mode, sharing, tiered, compressed oops, compressed class ptrs, g1 gc, windows-amd64)
# No core dump will be written. Minidumps are not enabled by default on client versions of Windows
#

---------------  S U M M A R Y ------------

Command Line: org.jetbrains.kotlin.cli.jvm.K2JVMCompiler @C:\School-MobileApp\app\build\20250417_8646102934676301224.compiler.options

Host: Intel(R) Core(TM) i7-8665U CPU @ 1.90GHz, 8 cores, 7G,  Windows 11 , 64 bit Build 26100 (10.0.26100.3775)
Time: Thu Apr 17 17:59:42 2025 India Standard Time elapsed time: 2.038684 seconds (0d 0h 0m 2s)

---------------  T H R E A D  ---------------

Current thread (0x00000171bbfb9820):  JavaThread "Unknown thread" [_thread_in_vm, id=13648, stack(0x0000001ed7100000,0x0000001ed7200000) (1024K)]

Stack: [0x0000001ed7100000,0x0000001ed7200000]
Native frames: (J=compiled Java code, j=interpreted, Vv=VM code, C=native code)
V  [jvm.dll+0x6cfb29]
V  [jvm.dll+0x85df93]
V  [jvm.dll+0x8604ee]
V  [jvm.dll+0x860bd3]
V  [jvm.dll+0x27e6b6]
V  [jvm.dll+0x6cc385]
V  [jvm.dll+0x6c078a]
V  [jvm.dll+0x35525b]
V  [jvm.dll+0x35ceb6]
V  [jvm.dll+0x3aedd6]
V  [jvm.dll+0x3af0a8]
V  [jvm.dll+0x32792c]
V  [jvm.dll+0x32861b]
V  [jvm.dll+0x8259d9]
V  [jvm.dll+0x3bbfa8]
V  [jvm.dll+0x80ec88]
V  [jvm.dll+0x45015e]
V  [jvm.dll+0x4518c1]
C  [jli.dll+0x52ab]
C  [ucrtbase.dll+0x37b0]
C  [KERNEL32.DLL+0x2e8d7]
C  [ntdll.dll+0xb14fc]


---------------  P R O C E S S  ---------------

Threads class SMR info:
_java_thread_list=0x00007ffabfc10808, length=0, elements={
}

Java Threads: ( => current thread )
Total: 0

Other Threads:
  0x00000171bc00dc80 WorkerThread "GC Thread#0"                     [id=11852, stack(0x0000001ed7200000,0x0000001ed7300000) (1024K)]
  0x00000171bc01e8f0 ConcurrentGCThread "G1 Main Marker"            [id=6300, stack(0x0000001ed7300000,0x0000001ed7400000) (1024K)]
  0x00000171bc020e10 WorkerThread "G1 Conc#0"                       [id=3484, stack(0x0000001ed7400000,0x0000001ed7500000) (1024K)]

[error occurred during error reporting (printing all threads), id 0xc0000005, EXCEPTION_ACCESS_VIOLATION (0xc0000005) at pc=0x00007ffabf40a967]
VM state: not at safepoint (not fully initialized)

VM Mutex/Monitor currently owned by a thread:  ([mutex/lock_event])
[0x00007ffabfc7d460] Heap_lock - owner thread: 0x00000171bbfb9820

Heap address: 0x0000000083200000, size: 1998 MB, Compressed Oops mode: 32-bit

CDS archive(s) mapped at: [0x0000000000000000-0x0000000000000000-0x0000000000000000), size 0, SharedBaseAddress: 0x0000000800000000, ArchiveRelocationMode: 1.
Narrow klass base: 0x0000000000000000, Narrow klass shift: 0, Narrow klass range: 0x0

GC Precious Log:
 CardTable entry size: 512
 Card Set container configuration: InlinePtr #cards 5 size 8 Array Of Cards #cards 12 size 40 Howl #buckets 4 coarsen threshold 1843 Howl Bitmap #cards 512 size 80 coarsen threshold 460 Card regions per heap region 1 cards per card region 2048

Heap:
 garbage-first heap   total 0K, used 0K [0x0000000083200000, 0x0000000100000000)
  region size 1024K, 0 young (0K), 0 survivors (0K)
 Metaspace       used 0K, committed 0K, reserved 0K
  class space    used 0K, committed 0K, reserved 0K

Heap Regions: E=young(eden), S=young(survivor), O=old, HS=humongous(starts), HC=humongous(continues), CS=collection set, F=free, TAMS=top-at-mark-start, PB=parsable bottom

Card table byte_map: [0x00000171d0790000,0x00000171d0b80000] _byte_map_base: 0x00000171d0377000

Marking Bits: (CMBitMap*) 0x00000171bc00e380
 Bits: [0x00000171d0b80000, 0x00000171d2ab8000)

GC Heap History (0 events):
No events

Dll operation events (1 events):
Event: 0.014 Loaded shared library C:\Program Files\Android\Android Studio\jbr\bin\java.dll

Deoptimization events (0 events):
No events

Classes loaded (0 events):
No events

Classes unloaded (0 events):
No events

Classes redefined (0 events):
No events

Internal exceptions (0 events):
No events

ZGC Phase Switch (0 events):
No events

VM Operations (0 events):
No events

Memory protections (0 events):
No events

Nmethod flushes (0 events):
No events

Events (0 events):
No events


Dynamic libraries:
0x00007ff62c280000 - 0x00007ff62c28a000 	C:\Program Files\Android\Android Studio\jbr\bin\java.exe
0x00007ffb013a0000 - 0x00007ffb01600000 	C:\WINDOWS\SYSTEM32\ntdll.dll
0x00007ffb005c0000 - 0x00007ffb00687000 	C:\WINDOWS\System32\KERNEL32.DLL
0x00007ffafeac0000 - 0x00007ffafee8a000 	C:\WINDOWS\System32\KERNELBASE.dll
0x00007ffafe610000 - 0x00007ffafe75b000 	C:\WINDOWS\System32\ucrtbase.dll
0x00007ffae7690000 - 0x00007ffae76a8000 	C:\Program Files\Android\Android Studio\jbr\bin\jli.dll
0x00007ffaefbc0000 - 0x00007ffaefbdb000 	C:\Program Files\Android\Android Studio\jbr\bin\VCRUNTIME140.dll
0x00007ffb01000000 - 0x00007ffb011cc000 	C:\WINDOWS\System32\USER32.dll
0x00007ffae6230000 - 0x00007ffae64c7000 	C:\WINDOWS\WinSxS\amd64_microsoft.windows.common-controls_6595b64144ccf1df_6.0.26100.3624_none_3e086962e3345f24\COMCTL32.dll
0x00007ffafee90000 - 0x00007ffafeeb7000 	C:\WINDOWS\System32\win32u.dll
0x00007ffb01280000 - 0x00007ffb01329000 	C:\WINDOWS\System32\msvcrt.dll
0x00007ffb01330000 - 0x00007ffb0135a000 	C:\WINDOWS\System32\GDI32.dll
0x00007ffafe980000 - 0x00007ffafeab1000 	C:\WINDOWS\System32\gdi32full.dll
0x00007ffafe8d0000 - 0x00007ffafe973000 	C:\WINDOWS\System32\msvcp_win.dll
0x00007ffaff1a0000 - 0x00007ffaff1cf000 	C:\WINDOWS\System32\IMM32.DLL
0x00007ffaf2440000 - 0x00007ffaf244c000 	C:\Program Files\Android\Android Studio\jbr\bin\vcruntime140_1.dll
0x00007ffad8450000 - 0x00007ffad84dd000 	C:\Program Files\Android\Android Studio\jbr\bin\msvcp140.dll
0x00007ffabf0d0000 - 0x00007ffabfd5a000 	C:\Program Files\Android\Android Studio\jbr\bin\server\jvm.dll
0x00007ffb00d30000 - 0x00007ffb00de2000 	C:\WINDOWS\System32\ADVAPI32.dll
0x00007ffb011d0000 - 0x00007ffb01276000 	C:\WINDOWS\System32\sechost.dll
0x00007ffb00ab0000 - 0x00007ffb00bc6000 	C:\WINDOWS\System32\RPCRT4.dll
0x00007ffb006a0000 - 0x00007ffb00714000 	C:\WINDOWS\System32\WS2_32.dll
0x00007ffafd210000 - 0x00007ffafd26e000 	C:\WINDOWS\SYSTEM32\POWRPROF.dll
0x00007ffae9550000 - 0x00007ffae9586000 	C:\WINDOWS\SYSTEM32\WINMM.dll
0x00007ffaf6340000 - 0x00007ffaf634b000 	C:\WINDOWS\SYSTEM32\VERSION.dll
0x00007ffafd1f0000 - 0x00007ffafd204000 	C:\WINDOWS\SYSTEM32\UMPDC.dll
0x00007ffafd4b0000 - 0x00007ffafd4ca000 	C:\WINDOWS\SYSTEM32\kernel.appcore.dll
0x00007ffaeecc0000 - 0x00007ffaeecca000 	C:\Program Files\Android\Android Studio\jbr\bin\jimage.dll
0x00007ffaed2e0000 - 0x00007ffaed521000 	C:\WINDOWS\SYSTEM32\DBGHELP.DLL
0x00007ffb00720000 - 0x00007ffb00aa2000 	C:\WINDOWS\System32\combase.dll
0x00007ffb00f00000 - 0x00007ffb00fd6000 	C:\WINDOWS\System32\OLEAUT32.dll
0x00007ffaec320000 - 0x00007ffaec359000 	C:\WINDOWS\SYSTEM32\dbgcore.DLL
0x00007ffaff040000 - 0x00007ffaff0d9000 	C:\WINDOWS\System32\bcryptPrimitives.dll
0x00007ffaeec00000 - 0x00007ffaeec20000 	C:\Program Files\Android\Android Studio\jbr\bin\java.dll

dbghelp: loaded successfully - version: 4.0.5 - missing functions: none
symbol engine: initialized successfully - sym options: 0x614 - pdb path: .;C:\Program Files\Android\Android Studio\jbr\bin;C:\WINDOWS\SYSTEM32;C:\WINDOWS\WinSxS\amd64_microsoft.windows.common-controls_6595b64144ccf1df_6.0.26100.3624_none_3e086962e3345f24;C:\Program Files\Android\Android Studio\jbr\bin\server

VM Arguments:
java_command: org.jetbrains.kotlin.cli.jvm.K2JVMCompiler @C:\School-MobileApp\app\build\20250417_8646102934676301224.compiler.options
java_class_path (initial): C:\Users\User 1-Karthick\.gradle\caches\modules-2\files-2.1\org.jetbrains.kotlin\kotlin-compiler-embeddable\1.9.22\9cd4dc7773cf2a99ecd961a88fbbc9a2da3fb5e1\kotlin-compiler-embeddable-1.9.22.jar;C:\Users\User 1-Karthick\.gradle\caches\modules-2\files-2.1\org.jetbrains.kotlin\kotlin-stdlib\1.9.22\d6c44cd08d8f3f9bece8101216dbe6553365c6e3\kotlin-stdlib-1.9.22.jar;C:\Users\User 1-Karthick\.gradle\caches\modules-2\files-2.1\org.jetbrains.kotlin\kotlin-script-runtime\1.9.22\f8139a46fc677ec9badc49ae954392f4f5e7e7c7\kotlin-script-runtime-1.9.22.jar;C:\Users\User 1-Karthick\.gradle\caches\modules-2\files-2.1\org.jetbrains.kotlin\kotlin-reflect\1.6.10\1cbe9c92c12a94eea200d23c2bbaedaf3daf5132\kotlin-reflect-1.6.10.jar;C:\Users\User 1-Karthick\.gradle\caches\modules-2\files-2.1\org.jetbrains.kotlin\kotlin-daemon-embeddable\1.9.22\20e2c5df715f3240c765cfc222530e2796542021\kotlin-daemon-embeddable-1.9.22.jar;C:\Users\User 1-Karthick\.gradle\caches\modules-2\files-2.1\org.jetbrains.intellij.deps\trove4j\1.0.20200330\3afb14d5f9ceb459d724e907a21145e8ff394f02\trove4j-1.0.20200330.jar;C:\Users\User 1-Karthick\.gradle\caches\modules-2\files-2.1\org.jetbrains\annotations\13.0\919f0dfe192fb4e063e7dacadee7f8bb9a2672a9\annotations-13.0.jar
Launcher Type: SUN_STANDARD

[Global flags]
     intx CICompilerCount                          = 4                                         {product} {ergonomic}
     uint ConcGCThreads                            = 2                                         {product} {ergonomic}
     uint G1ConcRefinementThreads                  = 8                                         {product} {ergonomic}
   size_t G1HeapRegionSize                         = 1048576                                   {product} {ergonomic}
    uintx GCDrainStackTargetSize                   = 64                                        {product} {ergonomic}
   size_t InitialHeapSize                          = 132120576                                 {product} {ergonomic}
   size_t MarkStackSize                            = 4194304                                   {product} {ergonomic}
   size_t MaxHeapSize                              = 2095054848                                {product} {ergonomic}
   size_t MinHeapDeltaBytes                        = 1048576                                   {product} {ergonomic}
   size_t MinHeapSize                              = 8388608                                   {product} {ergonomic}
    uintx NonNMethodCodeHeapSize                   = 5839372                                {pd product} {ergonomic}
    uintx NonProfiledCodeHeapSize                  = 122909434                              {pd product} {ergonomic}
    uintx ProfiledCodeHeapSize                     = 122909434                              {pd product} {ergonomic}
    uintx ReservedCodeCacheSize                    = 251658240                              {pd product} {ergonomic}
     bool SegmentedCodeCache                       = true                                      {product} {ergonomic}
   size_t SoftMaxHeapSize                          = 2095054848                             {manageable} {ergonomic}
     bool UseCompressedOops                        = true                           {product lp64_product} {ergonomic}
     bool UseG1GC                                  = true                                      {product} {ergonomic}
     bool UseLargePagesIndividualAllocation        = false                                  {pd product} {ergonomic}

Logging:
Log output configuration:
 #0: stdout all=warning uptime,level,tags foldmultilines=false
 #1: stderr all=off uptime,level,tags foldmultilines=false

Environment Variables:
JAVA_HOME=C:\Program Files\Java\jdk-22
PATH=C:\Program Files\Common Files\Oracle\Java\javapath;C:\WINDOWS\system32;C:\WINDOWS;C:\WINDOWS\System32\Wbem;C:\WINDOWS\System32\WindowsPowerShell\v1.0\;C:\WINDOWS\System32\OpenSSH\;C:\Program Files\Java\jdk-22\bin;C:\Users\User 1-Karthick\flutter\bin;C:\Users\User 1-Karthick\AppData\Local\Android\Sdk\tools;C:\Users\User 1-Karthick\AppData\Local\Android\Sdk\platform-tools;C:\Users\User 1-Karthick\AppData\Local\Microsoft\WindowsApps;C:\Users\User 1-Karthick\AppData\Local\Programs\Microsoft VS Code\bin;C:\Users\User 1-Karthick\AppData\Local\Programs\Git\cmd;
USERNAME=User 1-Karthick
OS=Windows_NT
PROCESSOR_IDENTIFIER=Intel64 Family 6 Model 142 Stepping 12, GenuineIntel
TMP=C:\Users\USER1-~1\AppData\Local\Temp
TEMP=C:\Users\USER1-~1\AppData\Local\Temp




Periodic native trim disabled

JNI global refs:
JNI global refs: 0, weak refs: 0

JNI global refs memory usage: 0, weak refs: 0

Process memory usage:
Resident Set Size: 12680K (0% of 8183080K total physical memory with 815456K free physical memory)

OOME stack traces (most recent first):
Classloader memory used:

---------------  S Y S T E M  ---------------

OS:
 Windows 11 , 64 bit Build 26100 (10.0.26100.3775)
OS uptime: 2 days 20:12 hours

CPU: total 8 (initial active 8) (4 cores per cpu, 2 threads per core) family 6 model 142 stepping 12 microcode 0xf0, cx8, cmov, fxsr, ht, mmx, 3dnowpref, sse, sse2, sse3, ssse3, sse4.1, sse4.2, popcnt, lzcnt, tsc, tscinvbit, avx, avx2, aes, erms, clmul, bmi1, bmi2, adx, fma, vzeroupper, clflush, clflushopt, rdtscp, f16c
Processor Information for processor 0
  Max Mhz: 2112, Current Mhz: 1910, Mhz Limit: 1900
Processor Information for processor 1
  Max Mhz: 2112, Current Mhz: 1508, Mhz Limit: 1900
Processor Information for processor 2
  Max Mhz: 2112, Current Mhz: 1910, Mhz Limit: 1900
Processor Information for processor 3
  Max Mhz: 2112, Current Mhz: 1508, Mhz Limit: 1900
Processor Information for processor 4
  Max Mhz: 2112, Current Mhz: 1910, Mhz Limit: 1900
Processor Information for processor 5
  Max Mhz: 2112, Current Mhz: 1508, Mhz Limit: 1900
Processor Information for processor 6
  Max Mhz: 2112, Current Mhz: 1910, Mhz Limit: 1900
Processor Information for processor 7
  Max Mhz: 2112, Current Mhz: 1508, Mhz Limit: 1900

Memory: 4k page, system-wide physical 7991M (796M free)
TotalPageFile size 25640M (AvailPageFile size 128M)
current process WorkingSet (physical memory assigned to process): 12M, peak: 12M
current process commit charge ("private bytes"): 60M, peak: 186M

vm_info: OpenJDK 64-Bit Server VM (21.0.5+-13047016-b750.29) for windows-amd64 JRE (21.0.5+-13047016-b750.29), built on 2025-02-11T21:12:39Z by "builder" with MS VC++ 16.10 / 16.11 (VS2019)

END.
