#
# There is insufficient memory for the Java Runtime Environment to continue.
# Native memory allocation (mmap) failed to map 66060288 bytes. Error detail: G1 virtual space
# Possible reasons:
#   The system is out of physical RAM or swap space
#   This process is running with CompressedOops enabled, and the Java Heap may be blocking the growth of the native heap
# Possible solutions:
#   Reduce memory load on the system
#   Increase physical memory or swap space
#   Check if swap backing store is full
#   Decrease Java heap size (-Xmx/-Xms)
#   Decrease number of Java threads
#   Decrease Java thread stack sizes (-Xss)
#   Set larger code cache with -XX:ReservedCodeCacheSize=
#   JVM is running with Unscaled Compressed Oops mode in which the Java heap is
#     placed in the first 4GB address space. The Java Heap base address is the
#     maximum limit for the native heap growth. Please use -XX:HeapBaseMinAddress
#     to set the Java Heap base and to place the Java Heap above 4GB virtual address.
# This output file may be truncated or incomplete.
#
#  Out of Memory Error (os_windows.cpp:3828), pid=10104, tid=9736
#
# JRE version: OpenJDK Runtime Environment (21.0.5) (build 21.0.5+-13047016-b750.29)
# Java VM: OpenJDK 64-Bit Server VM (21.0.5+-13047016-b750.29, mixed mode, tiered, compressed oops, compressed class ptrs, g1 gc, windows-amd64)
# No core dump will be written. Minidumps are not enabled by default on client versions of Windows
#

---------------  S U M M A R Y ------------

Command Line: org.jetbrains.kotlin.cli.jvm.K2JVMCompiler @C:\School-MobileApp\app\build\20250417_18003256935389758045.compiler.options

Host: Intel(R) Core(TM) i7-8665U CPU @ 1.90GHz, 8 cores, 7G,  Windows 11 , 64 bit Build 26100 (10.0.26100.3775)
Time: Thu Apr 17 17:57:28 2025 India Standard Time elapsed time: 12.474796 seconds (0d 0h 0m 12s)

---------------  T H R E A D  ---------------

Current thread (0x000001a893243e30):  VMThread "VM Thread"          [id=9736, stack(0x0000000100d00000,0x0000000100e00000) (1024K)]

Stack: [0x0000000100d00000,0x0000000100e00000]
Native frames: (J=compiled Java code, j=interpreted, Vv=VM code, C=native code)
V  [jvm.dll+0x6cfb29]
V  [jvm.dll+0x85df93]
V  [jvm.dll+0x8604ee]
V  [jvm.dll+0x860bd3]
V  [jvm.dll+0x27e6b6]
V  [jvm.dll+0x6cc385]
V  [jvm.dll+0x6c078a]
V  [jvm.dll+0x35525b]
V  [jvm.dll+0x35ceb6]
V  [jvm.dll+0x3aedd6]
V  [jvm.dll+0x3af0a8]
V  [jvm.dll+0x32792c]
V  [jvm.dll+0x3279b7]
V  [jvm.dll+0x36d80c]
V  [jvm.dll+0x36bfbe]
V  [jvm.dll+0x327081]
V  [jvm.dll+0x36b6d0]
V  [jvm.dll+0x866958]
V  [jvm.dll+0x867cd4]
V  [jvm.dll+0x868210]
V  [jvm.dll+0x8684a3]
V  [jvm.dll+0x806368]
V  [jvm.dll+0x6ce3fd]
C  [ucrtbase.dll+0x37b0]
C  [KERNEL32.DLL+0x2e8d7]
C  [ntdll.dll+0xb14fc]

VM_Operation (0x00000001006fc340): G1CollectForAllocation, mode: safepoint, requested by thread 0x000001a8f98dd8b0


---------------  P R O C E S S  ---------------

Threads class SMR info:
_java_thread_list=0x000001a8d8455400, length=13, elements={
0x000001a8f98dd8b0, 0x000001a893415730, 0x000001a893416280, 0x000001a893423150,
0x000001a8934237b0, 0x000001a893424200, 0x000001a893417de0, 0x000001a893424c50,
0x000001a893425500, 0x000001a8935d19c0, 0x000001a8935d5e60, 0x000001a8935d76c0,
0x000001a8935d8460
}

Java Threads: ( => current thread )
  0x000001a8f98dd8b0 JavaThread "main"                              [_thread_blocked, id=15720, stack(0x0000000100600000,0x0000000100700000) (1024K)]
  0x000001a893415730 JavaThread "Reference Handler"          daemon [_thread_blocked, id=11036, stack(0x0000000100e00000,0x0000000100f00000) (1024K)]
  0x000001a893416280 JavaThread "Finalizer"                  daemon [_thread_blocked, id=4932, stack(0x0000000100f00000,0x0000000101000000) (1024K)]
  0x000001a893423150 JavaThread "Signal Dispatcher"          daemon [_thread_blocked, id=8116, stack(0x0000000101000000,0x0000000101100000) (1024K)]
  0x000001a8934237b0 JavaThread "Attach Listener"            daemon [_thread_blocked, id=8452, stack(0x0000000101100000,0x0000000101200000) (1024K)]
  0x000001a893424200 JavaThread "Service Thread"             daemon [_thread_blocked, id=10788, stack(0x0000000101200000,0x0000000101300000) (1024K)]
  0x000001a893417de0 JavaThread "Monitor Deflation Thread"   daemon [_thread_blocked, id=9476, stack(0x0000000101300000,0x0000000101400000) (1024K)]
  0x000001a893424c50 JavaThread "C2 CompilerThread0"         daemon [_thread_blocked, id=1264, stack(0x0000000101400000,0x0000000101500000) (1024K)]
  0x000001a893425500 JavaThread "C1 CompilerThread0"         daemon [_thread_blocked, id=14468, stack(0x0000000101500000,0x0000000101600000) (1024K)]
  0x000001a8935d19c0 JavaThread "Notification Thread"        daemon [_thread_blocked, id=13284, stack(0x0000000101600000,0x0000000101700000) (1024K)]
  0x000001a8935d5e60 JavaThread "Common-Cleaner"             daemon [_thread_blocked, id=3328, stack(0x0000000101700000,0x0000000101800000) (1024K)]
  0x000001a8935d76c0 JavaThread "C2 CompilerThread1"         daemon [_thread_blocked, id=12144, stack(0x0000000102000000,0x0000000102100000) (1024K)]
  0x000001a8935d8460 JavaThread "C2 CompilerThread2"         daemon [_thread_blocked, id=8364, stack(0x0000000102100000,0x0000000102200000) (1024K)]
Total: 13

Other Threads:
=>0x000001a893243e30 VMThread "VM Thread"                           [id=9736, stack(0x0000000100d00000,0x0000000100e00000) (1024K)]
  0x000001a8931ef370 WatcherThread "VM Periodic Task Thread"        [id=16108, stack(0x0000000100c00000,0x0000000100d00000) (1024K)]
  0x000001a8fbb9cf00 WorkerThread "GC Thread#0"                     [id=7060, stack(0x0000000100700000,0x0000000100800000) (1024K)]
  0x000001a8d85873b0 WorkerThread "GC Thread#1"                     [id=11052, stack(0x0000000101800000,0x0000000101900000) (1024K)]
  0x000001a8d8587750 WorkerThread "GC Thread#2"                     [id=14580, stack(0x0000000101900000,0x0000000101a00000) (1024K)]
  0x000001a8d8569ca0 WorkerThread "GC Thread#3"                     [id=6420, stack(0x0000000101a00000,0x0000000101b00000) (1024K)]
  0x000001a8d856a040 WorkerThread "GC Thread#4"                     [id=10620, stack(0x0000000101b00000,0x0000000101c00000) (1024K)]
  0x000001a8d856a3e0 WorkerThread "GC Thread#5"                     [id=4648, stack(0x0000000101c00000,0x0000000101d00000) (1024K)]
  0x000001a8d8844050 WorkerThread "GC Thread#6"                     [id=7176, stack(0x0000000101d00000,0x0000000101e00000) (1024K)]
  0x000001a8d88443f0 WorkerThread "GC Thread#7"                     [id=15524, stack(0x0000000101e00000,0x0000000101f00000) (1024K)]
  0x000001a8fbbae6e0 ConcurrentGCThread "G1 Main Marker"            [id=14804, stack(0x0000000100800000,0x0000000100900000) (1024K)]
  0x000001a8fbbaf1e0 WorkerThread "G1 Conc#0"                       [id=12512, stack(0x0000000100900000,0x0000000100a00000) (1024K)]
  0x000001a8d8843cb0 WorkerThread "G1 Conc#1"                       [id=8644, stack(0x0000000101f00000,0x0000000102000000) (1024K)]
  0x000001a8930b6430 ConcurrentGCThread "G1 Refine#0"               [id=11936, stack(0x0000000100a00000,0x0000000100b00000) (1024K)]
  0x000001a8930b7e50 ConcurrentGCThread "G1 Service"                [id=11604, stack(0x0000000100b00000,0x0000000100c00000) (1024K)]
Total: 15

Threads with active compile tasks:
C2 CompilerThread0  12526 8911       4       org.jetbrains.kotlin.resolve.OverridingUtil::generateOverridesInFunctionGroup (123 bytes)
C2 CompilerThread1  12526 8981       4       org.jetbrains.kotlin.cli.jvm.index.JvmDependenciesIndexImpl::search (374 bytes)
C2 CompilerThread2  12526 8912       4       org.jetbrains.kotlin.resolve.OverridingUtil::createAndBindFakeOverrides (119 bytes)
Total: 3

VM state: at safepoint (normal execution)

VM Mutex/Monitor currently owned by a thread:  ([mutex/lock_event])
[0x00007ffabfc7d360] Threads_lock - owner thread: 0x000001a893243e30
[0x00007ffabfc7d460] Heap_lock - owner thread: 0x000001a8f98dd8b0

Heap address: 0x0000000083200000, size: 1998 MB, Compressed Oops mode: 32-bit

CDS archive(s) not mapped
Compressed class space mapped at: 0x000001a894000000-0x000001a8d4000000, reserved size: 1073741824
Narrow klass base: 0x000001a894000000, Narrow klass shift: 0, Narrow klass range: 0x40000000

GC Precious Log:
 CardTable entry size: 512
 Card Set container configuration: InlinePtr #cards 5 size 8 Array Of Cards #cards 12 size 40 Howl #buckets 4 coarsen threshold 1843 Howl Bitmap #cards 512 size 80 coarsen threshold 460 Card regions per heap region 1 cards per card region 2048
 CPUs: 8 total, 8 available
 Memory: 7991M
 Large Page Support: Disabled
 NUMA Support: Disabled
 Compressed Oops: Enabled (32-bit)
 Heap Region Size: 1M
 Heap Min Capacity: 8M
 Heap Initial Capacity: 126M
 Heap Max Capacity: 1998M
 Pre-touch: Disabled
 Parallel Workers: 8
 Concurrent Workers: 2
 Concurrent Refinement Workers: 8
 Periodic GC: Disabled

Heap:
 garbage-first heap   total 134144K, used 90982K [0x0000000083200000, 0x0000000100000000)
  region size 1024K, 4 young (4096K), 4 survivors (4096K)
 Metaspace       used 58217K, committed 59008K, reserved 1114112K
  class space    used 6667K, committed 7040K, reserved 1048576K

Heap Regions: E=young(eden), S=young(survivor), O=old, HS=humongous(starts), HC=humongous(continues), CS=collection set, F=free, TAMS=top-at-mark-start, PB=parsable bottom
|   0|0x0000000083200000, 0x0000000083300000, 0x0000000083300000|100%|HS|  |TAMS 0x0000000083300000| PB 0x0000000083200000| Complete 
|   1|0x0000000083300000, 0x0000000083400000, 0x0000000083400000|100%|HC|  |TAMS 0x0000000083400000| PB 0x0000000083300000| Complete 
|   2|0x0000000083400000, 0x0000000083500000, 0x0000000083500000|100%|HC|  |TAMS 0x0000000083500000| PB 0x0000000083400000| Complete 
|   3|0x0000000083500000, 0x0000000083600000, 0x0000000083600000|100%|HC|  |TAMS 0x0000000083600000| PB 0x0000000083500000| Complete 
|   4|0x0000000083600000, 0x0000000083700000, 0x0000000083700000|100%| O|  |TAMS 0x0000000083700000| PB 0x0000000083600000| Untracked 
|   5|0x0000000083700000, 0x0000000083800000, 0x0000000083800000|100%| O|  |TAMS 0x0000000083800000| PB 0x0000000083700000| Untracked 
|   6|0x0000000083800000, 0x0000000083900000, 0x0000000083900000|100%|HS|  |TAMS 0x0000000083900000| PB 0x0000000083800000| Complete 
|   7|0x0000000083900000, 0x00000000839d9b00, 0x0000000083a00000| 85%| O|  |TAMS 0x00000000839d9b00| PB 0x0000000083900000| Untracked 
|   8|0x0000000083a00000, 0x0000000083b00000, 0x0000000083b00000|100%| O|  |TAMS 0x0000000083b00000| PB 0x0000000083a00000| Untracked 
|   9|0x0000000083b00000, 0x0000000083c00000, 0x0000000083c00000|100%| O|  |TAMS 0x0000000083c00000| PB 0x0000000083b00000| Untracked 
|  10|0x0000000083c00000, 0x0000000083d00000, 0x0000000083d00000|100%| O|  |TAMS 0x0000000083d00000| PB 0x0000000083c00000| Untracked 
|  11|0x0000000083d00000, 0x0000000083e00000, 0x0000000083e00000|100%| O|  |TAMS 0x0000000083e00000| PB 0x0000000083d00000| Untracked 
|  12|0x0000000083e00000, 0x0000000083f00000, 0x0000000083f00000|100%| O|  |TAMS 0x0000000083f00000| PB 0x0000000083e00000| Untracked 
|  13|0x0000000083f00000, 0x0000000084000000, 0x0000000084000000|100%| O|  |TAMS 0x0000000084000000| PB 0x0000000083f00000| Untracked 
|  14|0x0000000084000000, 0x0000000084100000, 0x0000000084100000|100%| O|  |TAMS 0x0000000084100000| PB 0x0000000084000000| Untracked 
|  15|0x0000000084100000, 0x0000000084200000, 0x0000000084200000|100%| O|  |TAMS 0x0000000084200000| PB 0x0000000084100000| Untracked 
|  16|0x0000000084200000, 0x0000000084300000, 0x0000000084300000|100%| O|  |TAMS 0x0000000084300000| PB 0x0000000084200000| Untracked 
|  17|0x0000000084300000, 0x0000000084400000, 0x0000000084400000|100%| O|  |TAMS 0x0000000084400000| PB 0x0000000084300000| Untracked 
|  18|0x0000000084400000, 0x0000000084500000, 0x0000000084500000|100%| O|  |TAMS 0x0000000084500000| PB 0x0000000084400000| Untracked 
|  19|0x0000000084500000, 0x0000000084600000, 0x0000000084600000|100%| O|  |TAMS 0x0000000084600000| PB 0x0000000084500000| Untracked 
|  20|0x0000000084600000, 0x0000000084700000, 0x0000000084700000|100%| O|  |TAMS 0x0000000084700000| PB 0x0000000084600000| Untracked 
|  21|0x0000000084700000, 0x0000000084800000, 0x0000000084800000|100%| O|  |TAMS 0x0000000084800000| PB 0x0000000084700000| Untracked 
|  22|0x0000000084800000, 0x0000000084900000, 0x0000000084900000|100%| O|  |TAMS 0x0000000084900000| PB 0x0000000084800000| Untracked 
|  23|0x0000000084900000, 0x0000000084a00000, 0x0000000084a00000|100%|HS|  |TAMS 0x0000000084a00000| PB 0x0000000084900000| Complete 
|  24|0x0000000084a00000, 0x0000000084b00000, 0x0000000084b00000|100%|HC|  |TAMS 0x0000000084b00000| PB 0x0000000084a00000| Complete 
|  25|0x0000000084b00000, 0x0000000084c00000, 0x0000000084c00000|100%| O|  |TAMS 0x0000000084c00000| PB 0x0000000084b00000| Untracked 
|  26|0x0000000084c00000, 0x0000000084d00000, 0x0000000084d00000|100%| O|  |TAMS 0x0000000084d00000| PB 0x0000000084c00000| Untracked 
|  27|0x0000000084d00000, 0x0000000084e00000, 0x0000000084e00000|100%| O|  |TAMS 0x0000000084e00000| PB 0x0000000084d00000| Untracked 
|  28|0x0000000084e00000, 0x0000000084f00000, 0x0000000084f00000|100%| O|  |TAMS 0x0000000084f00000| PB 0x0000000084e00000| Untracked 
|  29|0x0000000084f00000, 0x0000000085000000, 0x0000000085000000|100%| O|  |TAMS 0x0000000085000000| PB 0x0000000084f00000| Untracked 
|  30|0x0000000085000000, 0x0000000085100000, 0x0000000085100000|100%| O|  |TAMS 0x0000000085100000| PB 0x0000000085000000| Untracked 
|  31|0x0000000085100000, 0x0000000085200000, 0x0000000085200000|100%| O|  |TAMS 0x0000000085200000| PB 0x0000000085100000| Untracked 
|  32|0x0000000085200000, 0x0000000085300000, 0x0000000085300000|100%| O|  |TAMS 0x0000000085300000| PB 0x0000000085200000| Untracked 
|  33|0x0000000085300000, 0x0000000085400000, 0x0000000085400000|100%| O|  |TAMS 0x0000000085400000| PB 0x0000000085300000| Untracked 
|  34|0x0000000085400000, 0x0000000085500000, 0x0000000085500000|100%| O|  |TAMS 0x0000000085500000| PB 0x0000000085400000| Untracked 
|  35|0x0000000085500000, 0x0000000085600000, 0x0000000085600000|100%| O|  |TAMS 0x0000000085600000| PB 0x0000000085500000| Untracked 
|  36|0x0000000085600000, 0x0000000085700000, 0x0000000085700000|100%| O|  |TAMS 0x0000000085600000| PB 0x0000000085600000| Untracked 
|  37|0x0000000085700000, 0x0000000085800000, 0x0000000085800000|100%| O|  |TAMS 0x0000000085800000| PB 0x0000000085700000| Untracked 
|  38|0x0000000085800000, 0x0000000085900000, 0x0000000085900000|100%| O|  |TAMS 0x0000000085900000| PB 0x0000000085800000| Untracked 
|  39|0x0000000085900000, 0x0000000085a00000, 0x0000000085a00000|100%| O|  |TAMS 0x0000000085a00000| PB 0x0000000085900000| Untracked 
|  40|0x0000000085a00000, 0x0000000085b00000, 0x0000000085b00000|100%| O|  |TAMS 0x0000000085b00000| PB 0x0000000085a00000| Untracked 
|  41|0x0000000085b00000, 0x0000000085c00000, 0x0000000085c00000|100%| O|  |TAMS 0x0000000085c00000| PB 0x0000000085b00000| Untracked 
|  42|0x0000000085c00000, 0x0000000085d00000, 0x0000000085d00000|100%| O|  |TAMS 0x0000000085d00000| PB 0x0000000085c00000| Untracked 
|  43|0x0000000085d00000, 0x0000000085e00000, 0x0000000085e00000|100%| O|  |TAMS 0x0000000085e00000| PB 0x0000000085d00000| Untracked 
|  44|0x0000000085e00000, 0x0000000085f00000, 0x0000000085f00000|100%| O|  |TAMS 0x0000000085f00000| PB 0x0000000085e00000| Untracked 
|  45|0x0000000085f00000, 0x0000000086000000, 0x0000000086000000|100%| O|  |TAMS 0x0000000086000000| PB 0x0000000085f00000| Untracked 
|  46|0x0000000086000000, 0x0000000086100000, 0x0000000086100000|100%| O|  |TAMS 0x0000000086100000| PB 0x0000000086000000| Untracked 
|  47|0x0000000086100000, 0x0000000086200000, 0x0000000086200000|100%|HS|  |TAMS 0x0000000086200000| PB 0x0000000086100000| Complete 
|  48|0x0000000086200000, 0x0000000086300000, 0x0000000086300000|100%|HC|  |TAMS 0x0000000086300000| PB 0x0000000086200000| Complete 
|  49|0x0000000086300000, 0x0000000086400000, 0x0000000086400000|100%| O|  |TAMS 0x0000000086400000| PB 0x0000000086300000| Untracked 
|  50|0x0000000086400000, 0x0000000086500000, 0x0000000086500000|100%| O|  |TAMS 0x0000000086500000| PB 0x0000000086400000| Untracked 
|  51|0x0000000086500000, 0x0000000086600000, 0x0000000086600000|100%| O|  |TAMS 0x0000000086600000| PB 0x0000000086500000| Untracked 
|  52|0x0000000086600000, 0x0000000086700000, 0x0000000086700000|100%| O|  |TAMS 0x0000000086700000| PB 0x0000000086600000| Untracked 
|  53|0x0000000086700000, 0x0000000086800000, 0x0000000086800000|100%| O|  |TAMS 0x0000000086800000| PB 0x0000000086700000| Untracked 
|  54|0x0000000086800000, 0x0000000086900000, 0x0000000086900000|100%| O|  |TAMS 0x0000000086900000| PB 0x0000000086800000| Untracked 
|  55|0x0000000086900000, 0x0000000086a00000, 0x0000000086a00000|100%| O|  |TAMS 0x0000000086a00000| PB 0x0000000086900000| Untracked 
|  56|0x0000000086a00000, 0x0000000086b00000, 0x0000000086b00000|100%| O|  |TAMS 0x0000000086b00000| PB 0x0000000086a00000| Untracked 
|  57|0x0000000086b00000, 0x0000000086c00000, 0x0000000086c00000|100%| O|  |TAMS 0x0000000086c00000| PB 0x0000000086b00000| Untracked 
|  58|0x0000000086c00000, 0x0000000086d00000, 0x0000000086d00000|100%| O|  |TAMS 0x0000000086d00000| PB 0x0000000086c00000| Untracked 
|  59|0x0000000086d00000, 0x0000000086e00000, 0x0000000086e00000|100%| O|  |TAMS 0x0000000086e00000| PB 0x0000000086d00000| Untracked 
|  60|0x0000000086e00000, 0x0000000086f00000, 0x0000000086f00000|100%| O|  |TAMS 0x0000000086f00000| PB 0x0000000086e00000| Untracked 
|  61|0x0000000086f00000, 0x0000000087000000, 0x0000000087000000|100%| O|  |TAMS 0x0000000087000000| PB 0x0000000086f00000| Untracked 
|  62|0x0000000087000000, 0x0000000087100000, 0x0000000087100000|100%| O|  |TAMS 0x0000000087100000| PB 0x0000000087000000| Untracked 
|  63|0x0000000087100000, 0x0000000087200000, 0x0000000087200000|100%| O|  |TAMS 0x0000000087200000| PB 0x0000000087100000| Untracked 
|  64|0x0000000087200000, 0x0000000087300000, 0x0000000087300000|100%| O|  |TAMS 0x0000000087300000| PB 0x0000000087200000| Untracked 
|  65|0x0000000087300000, 0x0000000087400000, 0x0000000087400000|100%| O|  |TAMS 0x0000000087400000| PB 0x0000000087300000| Untracked 
|  66|0x0000000087400000, 0x0000000087500000, 0x0000000087500000|100%| O|  |TAMS 0x0000000087500000| PB 0x0000000087400000| Untracked 
|  67|0x0000000087500000, 0x0000000087600000, 0x0000000087600000|100%| O|  |TAMS 0x0000000087500000| PB 0x0000000087500000| Untracked 
|  68|0x0000000087600000, 0x0000000087700000, 0x0000000087700000|100%| O|  |TAMS 0x0000000087700000| PB 0x0000000087600000| Untracked 
|  69|0x0000000087700000, 0x0000000087800000, 0x0000000087800000|100%| O|  |TAMS 0x0000000087800000| PB 0x0000000087700000| Untracked 
|  70|0x0000000087800000, 0x0000000087900000, 0x0000000087900000|100%| O|  |TAMS 0x0000000087900000| PB 0x0000000087800000| Untracked 
|  71|0x0000000087900000, 0x0000000087a00000, 0x0000000087a00000|100%| O|  |TAMS 0x0000000087a00000| PB 0x0000000087900000| Untracked 
|  72|0x0000000087a00000, 0x0000000087b00000, 0x0000000087b00000|100%| O|  |TAMS 0x0000000087b00000| PB 0x0000000087a00000| Untracked 
|  73|0x0000000087b00000, 0x0000000087c00000, 0x0000000087c00000|100%| O|  |TAMS 0x0000000087c00000| PB 0x0000000087b00000| Untracked 
|  74|0x0000000087c00000, 0x0000000087d00000, 0x0000000087d00000|100%| O|  |TAMS 0x0000000087d00000| PB 0x0000000087c00000| Untracked 
|  75|0x0000000087d00000, 0x0000000087e00000, 0x0000000087e00000|100%| O|  |TAMS 0x0000000087e00000| PB 0x0000000087d00000| Untracked 
|  76|0x0000000087e00000, 0x0000000087f00000, 0x0000000087f00000|100%| O|  |TAMS 0x0000000087f00000| PB 0x0000000087e00000| Untracked 
|  77|0x0000000087f00000, 0x0000000088000000, 0x0000000088000000|100%| O|  |TAMS 0x0000000087f7f490| PB 0x0000000087f00000| Untracked 
|  78|0x0000000088000000, 0x0000000088100000, 0x0000000088100000|100%| O|  |TAMS 0x0000000088000000| PB 0x0000000088000000| Untracked 
|  79|0x0000000088100000, 0x0000000088200000, 0x0000000088200000|100%| O|  |TAMS 0x0000000088100000| PB 0x0000000088100000| Untracked 
|  80|0x0000000088200000, 0x0000000088300000, 0x0000000088300000|100%| O|  |TAMS 0x0000000088200000| PB 0x0000000088200000| Untracked 
|  81|0x0000000088300000, 0x0000000088300000, 0x0000000088400000|  0%| F|  |TAMS 0x0000000088300000| PB 0x0000000088300000| Untracked 
|  82|0x0000000088400000, 0x0000000088400000, 0x0000000088500000|  0%| F|  |TAMS 0x0000000088400000| PB 0x0000000088400000| Untracked 
|  83|0x0000000088500000, 0x0000000088500000, 0x0000000088600000|  0%| F|  |TAMS 0x0000000088500000| PB 0x0000000088500000| Untracked 
|  84|0x0000000088600000, 0x0000000088600000, 0x0000000088700000|  0%| F|  |TAMS 0x0000000088600000| PB 0x0000000088600000| Untracked 
|  85|0x0000000088700000, 0x0000000088700000, 0x0000000088800000|  0%| F|  |TAMS 0x0000000088700000| PB 0x0000000088700000| Untracked 
|  86|0x0000000088800000, 0x0000000088800000, 0x0000000088900000|  0%| F|  |TAMS 0x0000000088800000| PB 0x0000000088800000| Untracked 
|  87|0x0000000088900000, 0x0000000088900000, 0x0000000088a00000|  0%| F|  |TAMS 0x0000000088900000| PB 0x0000000088900000| Untracked 
|  88|0x0000000088a00000, 0x0000000088a00000, 0x0000000088b00000|  0%| F|  |TAMS 0x0000000088a00000| PB 0x0000000088a00000| Untracked 
|  89|0x0000000088b00000, 0x0000000088b00000, 0x0000000088c00000|  0%| F|  |TAMS 0x0000000088b00000| PB 0x0000000088b00000| Untracked 
|  90|0x0000000088c00000, 0x0000000088c00000, 0x0000000088d00000|  0%| F|  |TAMS 0x0000000088c00000| PB 0x0000000088c00000| Untracked 
|  91|0x0000000088d00000, 0x0000000088e00000, 0x0000000088e00000|100%| S|CS|TAMS 0x0000000088d00000| PB 0x0000000088d00000| Complete 
|  92|0x0000000088e00000, 0x0000000088f00000, 0x0000000088f00000|100%| S|CS|TAMS 0x0000000088e00000| PB 0x0000000088e00000| Complete 
|  93|0x0000000088f00000, 0x0000000089000000, 0x0000000089000000|100%| S|CS|TAMS 0x0000000088f00000| PB 0x0000000088f00000| Complete 
|  94|0x0000000089000000, 0x0000000089100000, 0x0000000089100000|100%| S|CS|TAMS 0x0000000089000000| PB 0x0000000089000000| Complete 
|  95|0x0000000089100000, 0x0000000089100000, 0x0000000089200000|  0%| F|  |TAMS 0x0000000089100000| PB 0x0000000089100000| Untracked 
|  96|0x0000000089200000, 0x0000000089200000, 0x0000000089300000|  0%| F|  |TAMS 0x0000000089200000| PB 0x0000000089200000| Untracked 
|  97|0x0000000089300000, 0x0000000089300000, 0x0000000089400000|  0%| F|  |TAMS 0x0000000089300000| PB 0x0000000089300000| Untracked 
|  98|0x0000000089400000, 0x0000000089400000, 0x0000000089500000|  0%| F|  |TAMS 0x0000000089400000| PB 0x0000000089400000| Untracked 
|  99|0x0000000089500000, 0x0000000089500000, 0x0000000089600000|  0%| F|  |TAMS 0x0000000089500000| PB 0x0000000089500000| Untracked 
| 100|0x0000000089600000, 0x0000000089600000, 0x0000000089700000|  0%| F|  |TAMS 0x0000000089600000| PB 0x0000000089600000| Untracked 
| 101|0x0000000089700000, 0x0000000089700000, 0x0000000089800000|  0%| F|  |TAMS 0x0000000089700000| PB 0x0000000089700000| Untracked 
| 102|0x0000000089800000, 0x0000000089800000, 0x0000000089900000|  0%| F|  |TAMS 0x0000000089800000| PB 0x0000000089800000| Untracked 
| 103|0x0000000089900000, 0x0000000089900000, 0x0000000089a00000|  0%| F|  |TAMS 0x0000000089900000| PB 0x0000000089900000| Untracked 
| 104|0x0000000089a00000, 0x0000000089a00000, 0x0000000089b00000|  0%| F|  |TAMS 0x0000000089a00000| PB 0x0000000089a00000| Untracked 
| 105|0x0000000089b00000, 0x0000000089b00000, 0x0000000089c00000|  0%| F|  |TAMS 0x0000000089b00000| PB 0x0000000089b00000| Untracked 
| 106|0x0000000089c00000, 0x0000000089c00000, 0x0000000089d00000|  0%| F|  |TAMS 0x0000000089c00000| PB 0x0000000089c00000| Untracked 
| 107|0x0000000089d00000, 0x0000000089d00000, 0x0000000089e00000|  0%| F|  |TAMS 0x0000000089d00000| PB 0x0000000089d00000| Untracked 
| 108|0x0000000089e00000, 0x0000000089e00000, 0x0000000089f00000|  0%| F|  |TAMS 0x0000000089e00000| PB 0x0000000089e00000| Untracked 
| 109|0x0000000089f00000, 0x0000000089f00000, 0x000000008a000000|  0%| F|  |TAMS 0x0000000089f00000| PB 0x0000000089f00000| Untracked 
| 110|0x000000008a000000, 0x000000008a000000, 0x000000008a100000|  0%| F|  |TAMS 0x000000008a000000| PB 0x000000008a000000| Untracked 
| 111|0x000000008a100000, 0x000000008a100000, 0x000000008a200000|  0%| F|  |TAMS 0x000000008a100000| PB 0x000000008a100000| Untracked 
| 112|0x000000008a200000, 0x000000008a200000, 0x000000008a300000|  0%| F|  |TAMS 0x000000008a200000| PB 0x000000008a200000| Untracked 
| 113|0x000000008a300000, 0x000000008a300000, 0x000000008a400000|  0%| F|  |TAMS 0x000000008a300000| PB 0x000000008a300000| Untracked 
| 114|0x000000008a400000, 0x000000008a400000, 0x000000008a500000|  0%| F|  |TAMS 0x000000008a400000| PB 0x000000008a400000| Untracked 
| 115|0x000000008a500000, 0x000000008a500000, 0x000000008a600000|  0%| F|  |TAMS 0x000000008a500000| PB 0x000000008a500000| Untracked 
| 116|0x000000008a600000, 0x000000008a600000, 0x000000008a700000|  0%| F|  |TAMS 0x000000008a600000| PB 0x000000008a600000| Untracked 
| 117|0x000000008a700000, 0x000000008a700000, 0x000000008a800000|  0%| F|  |TAMS 0x000000008a700000| PB 0x000000008a700000| Untracked 
| 118|0x000000008a800000, 0x000000008a800000, 0x000000008a900000|  0%| F|  |TAMS 0x000000008a800000| PB 0x000000008a800000| Untracked 
| 119|0x000000008a900000, 0x000000008a900000, 0x000000008aa00000|  0%| F|  |TAMS 0x000000008a900000| PB 0x000000008a900000| Untracked 
| 120|0x000000008aa00000, 0x000000008aa00000, 0x000000008ab00000|  0%| F|  |TAMS 0x000000008aa00000| PB 0x000000008aa00000| Untracked 
| 121|0x000000008ab00000, 0x000000008ab00000, 0x000000008ac00000|  0%| F|  |TAMS 0x000000008ab00000| PB 0x000000008ab00000| Untracked 
| 122|0x000000008ac00000, 0x000000008ac00000, 0x000000008ad00000|  0%| F|  |TAMS 0x000000008ac00000| PB 0x000000008ac00000| Untracked 
| 123|0x000000008ad00000, 0x000000008ad00000, 0x000000008ae00000|  0%| F|  |TAMS 0x000000008ad00000| PB 0x000000008ad00000| Untracked 
| 124|0x000000008ae00000, 0x000000008ae00000, 0x000000008af00000|  0%| F|  |TAMS 0x000000008ae00000| PB 0x000000008ae00000| Untracked 
| 125|0x000000008af00000, 0x000000008af00000, 0x000000008b000000|  0%| F|  |TAMS 0x000000008af00000| PB 0x000000008af00000| Untracked 
|1993|0x00000000ffb00000, 0x00000000ffb00000, 0x00000000ffc00000|  0%| F|  |TAMS 0x00000000ffb00000| PB 0x00000000ffb00000| Untracked 
|1994|0x00000000ffc00000, 0x00000000ffd00000, 0x00000000ffd00000|100%| O|  |TAMS 0x00000000ffd00000| PB 0x00000000ffc00000| Untracked 
|1995|0x00000000ffd00000, 0x00000000ffe00000, 0x00000000ffe00000|100%| O|  |TAMS 0x00000000ffe00000| PB 0x00000000ffd00000| Untracked 
|1996|0x00000000ffe00000, 0x00000000fff00000, 0x00000000fff00000|100%| O|  |TAMS 0x00000000fff00000| PB 0x00000000ffe00000| Untracked 
|1997|0x00000000fff00000, 0x0000000100000000, 0x0000000100000000|100%| O|  |TAMS 0x0000000100000000| PB 0x00000000fff00000| Untracked 

Card table byte_map: [0x000001a8ff3c0000,0x000001a8ff7b0000] _byte_map_base: 0x000001a8fefa7000

Marking Bits: (CMBitMap*) 0x000001a8fbb9d600
 Bits: [0x000001a88f000000, 0x000001a890f38000)

Polling page: 0x000001a8f9ae0000

Metaspace:

Usage:
  Non-class:     50.34 MB used.
      Class:      6.51 MB used.
       Both:     56.85 MB used.

Virtual space:
  Non-class space:       64.00 MB reserved,      50.75 MB ( 79%) committed,  1 nodes.
      Class space:        1.00 GB reserved,       6.88 MB ( <1%) committed,  1 nodes.
             Both:        1.06 GB reserved,      57.62 MB (  5%) committed. 

Chunk freelists:
   Non-Class:  12.70 MB
       Class:  9.08 MB
        Both:  21.78 MB

MaxMetaspaceSize: unlimited
CompressedClassSpaceSize: 1.00 GB
Initial GC threshold: 21.00 MB
Current GC threshold: 95.44 MB
CDS: off
 - commit_granule_bytes: 65536.
 - commit_granule_words: 8192.
 - virtual_space_node_default_size: 8388608.
 - enlarge_chunks_in_place: 1.
 - use_allocation_guard: 0.


Internal statistics:

num_allocs_failed_limit: 3.
num_arena_births: 1264.
num_arena_deaths: 0.
num_vsnodes_births: 2.
num_vsnodes_deaths: 0.
num_space_committed: 920.
num_space_uncommitted: 0.
num_chunks_returned_to_freelist: 3.
num_chunks_taken_from_freelist: 3298.
num_chunk_merges: 3.
num_chunk_splits: 2413.
num_chunks_enlarged: 1794.
num_inconsistent_stats: 0.

CodeHeap 'non-profiled nmethods': size=120000Kb used=5267Kb max_used=5267Kb free=114732Kb
 bounds [0x000001a887ad0000, 0x000001a888000000, 0x000001a88f000000]
CodeHeap 'profiled nmethods': size=120000Kb used=18766Kb max_used=18766Kb free=101233Kb
 bounds [0x000001a880000000, 0x000001a881260000, 0x000001a887530000]
CodeHeap 'non-nmethods': size=5760Kb used=1568Kb max_used=1677Kb free=4191Kb
 bounds [0x000001a887530000, 0x000001a8877a0000, 0x000001a887ad0000]
 total_blobs=8330 nmethods=7701 adapters=531
 compilation: enabled
              stopped_count=0, restarted_count=0
 full_count=0

Compilation events (20 events):
Event: 11.379 Thread 0x000001a893425500 9019       2       org.jetbrains.kotlin.types.checker.SimpleClassicTypeSystemContext::isStarProjection (6 bytes)
Event: 11.379 Thread 0x000001a893425500 nmethod 9019 0x000001a88124b390 code [0x000001a88124b540, 0x000001a88124b660]
Event: 11.382 Thread 0x000001a893425500 9020       2       org.jetbrains.kotlin.types.checker.ClassicTypeSystemContext$DefaultImpls::isAnyConstructor (78 bytes)
Event: 11.384 Thread 0x000001a893425500 nmethod 9020 0x000001a88124b710 code [0x000001a88124b9c0, 0x000001a88124c100]
Event: 11.384 Thread 0x000001a893425500 9021       3       kotlin.text.StringsKt__StringsKt::startsWith (61 bytes)
Event: 11.385 Thread 0x000001a893425500 nmethod 9021 0x000001a88124c590 code [0x000001a88124c8a0, 0x000001a88124d910]
Event: 11.385 Thread 0x000001a893425500 9022       3       org.jetbrains.kotlin.load.java.lazy.descriptors.LazyJavaClassMemberScope::getPropertiesFromSupertypes (209 bytes)
Event: 11.387 Thread 0x000001a893425500 nmethod 9022 0x000001a88124dd90 code [0x000001a88124e160, 0x000001a88124fd18]
Event: 11.387 Thread 0x000001a893425500 9023       3       org.jetbrains.kotlin.cli.common.arguments.JavaTypeEnhancementStateParser$parse$1::invoke (9 bytes)
Event: 11.387 Thread 0x000001a893425500 nmethod 9023 0x000001a881250610 code [0x000001a8812507c0, 0x000001a8812509f0]
Event: 11.387 Thread 0x000001a893425500 9024       3       org.jetbrains.kotlin.cli.common.arguments.JavaTypeEnhancementStateParser$parse$1::invoke (74 bytes)
Event: 11.388 Thread 0x000001a893425500 nmethod 9024 0x000001a881250a90 code [0x000001a881250d20, 0x000001a8812515e8]
Event: 11.388 Thread 0x000001a893425500 9025       2       org.jetbrains.kotlin.load.java.typeEnhancement.SignatureParts::isEqual (36 bytes)
Event: 11.388 Thread 0x000001a893425500 nmethod 9025 0x000001a881251910 code [0x000001a881251b60, 0x000001a8812520b8]
Event: 11.400 Thread 0x000001a893425500 9026       2       org.jetbrains.kotlin.resolve.DescriptorUtils::isSubclass (34 bytes)
Event: 11.400 Thread 0x000001a893425500 nmethod 9026 0x000001a881252490 code [0x000001a881252660, 0x000001a881252830]
Event: 11.402 Thread 0x000001a893425500 9027       2       org.jetbrains.kotlin.descriptors.DescriptorVisibilities$3::isVisible (153 bytes)
Event: 11.403 Thread 0x000001a893425500 nmethod 9027 0x000001a881252990 code [0x000001a881252ca0, 0x000001a8812535d8]
Event: 11.412 Thread 0x000001a893425500 9029       2       org.jetbrains.kotlin.load.java.lazy.descriptors.LazyJavaAnnotationDescriptor$type$2::invoke (148 bytes)
Event: 11.413 Thread 0x000001a893425500 nmethod 9029 0x000001a881253a90 code [0x000001a881253d80, 0x000001a881254678]

GC Heap History (20 events):
Event: 5.911 GC heap after
{Heap after GC invocations=15 (full 0):
 garbage-first heap   total 73728K, used 39430K [0x0000000083200000, 0x0000000100000000)
  region size 1024K, 1 young (1024K), 1 survivors (1024K)
 Metaspace       used 46806K, committed 47488K, reserved 1114112K
  class space    used 5577K, committed 5888K, reserved 1048576K
}
Event: 6.452 GC heap before
{Heap before GC invocations=15 (full 0):
 garbage-first heap   total 73728K, used 61958K [0x0000000083200000, 0x0000000100000000)
  region size 1024K, 23 young (23552K), 1 survivors (1024K)
 Metaspace       used 48229K, committed 49024K, reserved 1114112K
  class space    used 5690K, committed 6080K, reserved 1048576K
}
Event: 6.465 GC heap after
{Heap after GC invocations=16 (full 0):
 garbage-first heap   total 73728K, used 43858K [0x0000000083200000, 0x0000000100000000)
  region size 1024K, 3 young (3072K), 3 survivors (3072K)
 Metaspace       used 48229K, committed 49024K, reserved 1114112K
  class space    used 5690K, committed 6080K, reserved 1048576K
}
Event: 7.150 GC heap before
{Heap before GC invocations=17 (full 0):
 garbage-first heap   total 73728K, used 63314K [0x0000000083200000, 0x0000000100000000)
  region size 1024K, 22 young (22528K), 3 survivors (3072K)
 Metaspace       used 50000K, committed 50816K, reserved 1114112K
  class space    used 5861K, committed 6272K, reserved 1048576K
}
Event: 7.177 GC heap after
{Heap after GC invocations=18 (full 0):
 garbage-first heap   total 73728K, used 48883K [0x0000000083200000, 0x0000000100000000)
  region size 1024K, 3 young (3072K), 3 survivors (3072K)
 Metaspace       used 50000K, committed 50816K, reserved 1114112K
  class space    used 5861K, committed 6272K, reserved 1048576K
}
Event: 7.600 GC heap before
{Heap before GC invocations=18 (full 0):
 garbage-first heap   total 73728K, used 63219K [0x0000000083200000, 0x0000000100000000)
  region size 1024K, 17 young (17408K), 3 survivors (3072K)
 Metaspace       used 52590K, committed 53376K, reserved 1114112K
  class space    used 6124K, committed 6528K, reserved 1048576K
}
Event: 7.616 GC heap after
{Heap after GC invocations=19 (full 0):
 garbage-first heap   total 73728K, used 51400K [0x0000000083200000, 0x0000000100000000)
  region size 1024K, 3 young (3072K), 3 survivors (3072K)
 Metaspace       used 52590K, committed 53376K, reserved 1114112K
  class space    used 6124K, committed 6528K, reserved 1048576K
}
Event: 7.936 GC heap before
{Heap before GC invocations=19 (full 0):
 garbage-first heap   total 73728K, used 63688K [0x0000000083200000, 0x0000000100000000)
  region size 1024K, 15 young (15360K), 3 survivors (3072K)
 Metaspace       used 54498K, committed 55296K, reserved 1114112K
  class space    used 6377K, committed 6784K, reserved 1048576K
}
Event: 7.949 GC heap after
{Heap after GC invocations=20 (full 0):
 garbage-first heap   total 106496K, used 53833K [0x0000000083200000, 0x0000000100000000)
  region size 1024K, 2 young (2048K), 2 survivors (2048K)
 Metaspace       used 54498K, committed 55296K, reserved 1114112K
  class space    used 6377K, committed 6784K, reserved 1048576K
}
Event: 9.041 GC heap before
{Heap before GC invocations=21 (full 0):
 garbage-first heap   total 106496K, used 89673K [0x0000000083200000, 0x0000000100000000)
  region size 1024K, 35 young (35840K), 2 survivors (2048K)
 Metaspace       used 56549K, committed 57344K, reserved 1114112K
  class space    used 6595K, committed 6976K, reserved 1048576K
}
Event: 9.073 GC heap after
{Heap after GC invocations=22 (full 0):
 garbage-first heap   total 106496K, used 63656K [0x0000000083200000, 0x0000000100000000)
  region size 1024K, 5 young (5120K), 5 survivors (5120K)
 Metaspace       used 56549K, committed 57344K, reserved 1114112K
  class space    used 6595K, committed 6976K, reserved 1048576K
}
Event: 9.713 GC heap before
{Heap before GC invocations=22 (full 0):
 garbage-first heap   total 106496K, used 90280K [0x0000000083200000, 0x0000000100000000)
  region size 1024K, 31 young (31744K), 5 survivors (5120K)
 Metaspace       used 56973K, committed 57728K, reserved 1114112K
  class space    used 6602K, committed 6976K, reserved 1048576K
}
Event: 9.748 GC heap after
{Heap after GC invocations=23 (full 0):
 garbage-first heap   total 106496K, used 71526K [0x0000000083200000, 0x0000000100000000)
  region size 1024K, 4 young (4096K), 4 survivors (4096K)
 Metaspace       used 56973K, committed 57728K, reserved 1114112K
  class space    used 6602K, committed 6976K, reserved 1048576K
}
Event: 10.303 GC heap before
{Heap before GC invocations=23 (full 0):
 garbage-first heap   total 106496K, used 92006K [0x0000000083200000, 0x0000000100000000)
  region size 1024K, 24 young (24576K), 4 survivors (4096K)
 Metaspace       used 57719K, committed 58496K, reserved 1114112K
  class space    used 6637K, committed 7040K, reserved 1048576K
}
Event: 10.330 GC heap after
{Heap after GC invocations=24 (full 0):
 garbage-first heap   total 106496K, used 76134K [0x0000000083200000, 0x0000000100000000)
  region size 1024K, 3 young (3072K), 3 survivors (3072K)
 Metaspace       used 57719K, committed 58496K, reserved 1114112K
  class space    used 6637K, committed 7040K, reserved 1048576K
}
Event: 10.732 GC heap before
{Heap before GC invocations=25 (full 0):
 garbage-first heap   total 128000K, used 93542K [0x0000000083200000, 0x0000000100000000)
  region size 1024K, 20 young (20480K), 3 survivors (3072K)
 Metaspace       used 58050K, committed 58816K, reserved 1114112K
  class space    used 6662K, committed 7040K, reserved 1048576K
}
Event: 10.747 GC heap after
{Heap after GC invocations=26 (full 0):
 garbage-first heap   total 128000K, used 79718K [0x0000000083200000, 0x0000000100000000)
  region size 1024K, 3 young (3072K), 3 survivors (3072K)
 Metaspace       used 58050K, committed 58816K, reserved 1114112K
  class space    used 6662K, committed 7040K, reserved 1048576K
}
Event: 11.064 GC heap before
{Heap before GC invocations=26 (full 0):
 garbage-first heap   total 128000K, used 109414K [0x0000000083200000, 0x0000000100000000)
  region size 1024K, 32 young (32768K), 3 survivors (3072K)
 Metaspace       used 58138K, committed 58880K, reserved 1114112K
  class space    used 6663K, committed 7040K, reserved 1048576K
}
Event: 11.082 GC heap after
{Heap after GC invocations=27 (full 0):
 garbage-first heap   total 128000K, used 85347K [0x0000000083200000, 0x0000000100000000)
  region size 1024K, 4 young (4096K), 4 survivors (4096K)
 Metaspace       used 58138K, committed 58880K, reserved 1114112K
  class space    used 6663K, committed 7040K, reserved 1048576K
}
Event: 11.420 GC heap before
{Heap before GC invocations=27 (full 0):
 garbage-first heap   total 128000K, used 111971K [0x0000000083200000, 0x0000000100000000)
  region size 1024K, 30 young (30720K), 4 survivors (4096K)
 Metaspace       used 58217K, committed 59008K, reserved 1114112K
  class space    used 6667K, committed 7040K, reserved 1048576K
}

Dll operation events (3 events):
Event: 0.012 Loaded shared library C:\Program Files\Android\Android Studio\jbr\bin\java.dll
Event: 0.019 Loaded shared library C:\Program Files\Android\Android Studio\jbr\bin\zip.dll
Event: 1.420 Loaded shared library C:\Program Files\Android\Android Studio\jbr\bin\verify.dll

Deoptimization events (20 events):
Event: 11.218 Thread 0x000001a8f98dd8b0 DEOPT PACKING pc=0x000001a887fef280 sp=0x00000001006fe3c0
Event: 11.218 Thread 0x000001a8f98dd8b0 DEOPT UNPACKING pc=0x000001a8875846a2 sp=0x00000001006fe3b0 mode 2
Event: 11.250 Thread 0x000001a8f98dd8b0 Uncommon trap: trap_request=0xffffffde fr.pc=0x000001a887cac09c relative=0x00000000000000dc
Event: 11.250 Thread 0x000001a8f98dd8b0 Uncommon trap: reason=class_check action=maybe_recompile pc=0x000001a887cac09c method=org.jetbrains.kotlin.types.FlexibleType.getConstructor()Lorg/jetbrains/kotlin/types/TypeConstructor; @ 1 c2
Event: 11.250 Thread 0x000001a8f98dd8b0 DEOPT PACKING pc=0x000001a887cac09c sp=0x00000001006fd1b0
Event: 11.250 Thread 0x000001a8f98dd8b0 DEOPT UNPACKING pc=0x000001a8875846a2 sp=0x00000001006fd148 mode 2
Event: 11.250 Thread 0x000001a8f98dd8b0 Uncommon trap: trap_request=0xffffffde fr.pc=0x000001a887cac09c relative=0x00000000000000dc
Event: 11.250 Thread 0x000001a8f98dd8b0 Uncommon trap: reason=class_check action=maybe_recompile pc=0x000001a887cac09c method=org.jetbrains.kotlin.types.FlexibleType.getConstructor()Lorg/jetbrains/kotlin/types/TypeConstructor; @ 1 c2
Event: 11.250 Thread 0x000001a8f98dd8b0 DEOPT PACKING pc=0x000001a887cac09c sp=0x00000001006fd3d0
Event: 11.250 Thread 0x000001a8f98dd8b0 DEOPT UNPACKING pc=0x000001a8875846a2 sp=0x00000001006fd368 mode 2
Event: 11.250 Thread 0x000001a8f98dd8b0 Uncommon trap: trap_request=0xffffffde fr.pc=0x000001a887cac09c relative=0x00000000000000dc
Event: 11.250 Thread 0x000001a8f98dd8b0 Uncommon trap: reason=class_check action=maybe_recompile pc=0x000001a887cac09c method=org.jetbrains.kotlin.types.FlexibleType.getConstructor()Lorg/jetbrains/kotlin/types/TypeConstructor; @ 1 c2
Event: 11.250 Thread 0x000001a8f98dd8b0 DEOPT PACKING pc=0x000001a887cac09c sp=0x00000001006fd490
Event: 11.250 Thread 0x000001a8f98dd8b0 DEOPT UNPACKING pc=0x000001a8875846a2 sp=0x00000001006fd430 mode 2
Event: 11.250 Thread 0x000001a8f98dd8b0 Uncommon trap: trap_request=0xffffffde fr.pc=0x000001a887cac09c relative=0x00000000000000dc
Event: 11.250 Thread 0x000001a8f98dd8b0 Uncommon trap: reason=class_check action=maybe_recompile pc=0x000001a887cac09c method=org.jetbrains.kotlin.types.FlexibleType.getConstructor()Lorg/jetbrains/kotlin/types/TypeConstructor; @ 1 c2
Event: 11.250 Thread 0x000001a8f98dd8b0 DEOPT PACKING pc=0x000001a887cac09c sp=0x00000001006fd440
Event: 11.250 Thread 0x000001a8f98dd8b0 DEOPT UNPACKING pc=0x000001a8875846a2 sp=0x00000001006fd3d8 mode 2
Event: 11.317 Thread 0x000001a8f98dd8b0 DEOPT PACKING pc=0x000001a88066889d sp=0x00000001006fbd40
Event: 11.317 Thread 0x000001a8f98dd8b0 DEOPT UNPACKING pc=0x000001a887584e42 sp=0x00000001006fb1d0 mode 0

Classes loaded (20 events):
Event: 5.997 Loading class java/util/stream/ReduceOps$Box done
Event: 5.998 Loading class java/util/stream/ReduceOps$3ReducingSink done
Event: 5.998 Loading class java/util/stream/ReferencePipeline$2$1
Event: 5.998 Loading class java/util/stream/ReferencePipeline$2$1 done
Event: 5.998 Loading class java/util/stream/IntPipeline$1$1
Event: 5.998 Loading class java/util/stream/Sink$ChainedInt
Event: 5.998 Loading class java/util/stream/Sink$OfInt
Event: 5.998 Loading class java/util/function/IntConsumer
Event: 5.998 Loading class java/util/function/IntConsumer done
Event: 5.998 Loading class java/util/stream/Sink$OfInt done
Event: 5.998 Loading class java/util/stream/Sink$ChainedInt done
Event: 5.998 Loading class java/util/stream/IntPipeline$1$1 done
Event: 7.656 Loading class java/util/function/ToIntFunction
Event: 7.656 Loading class java/util/function/ToIntFunction done
Event: 7.660 Loading class java/security/CodeSigner
Event: 7.660 Loading class java/security/CodeSigner done
Event: 8.394 Loading class java/util/RegularEnumSet$EnumSetIterator
Event: 8.394 Loading class java/util/RegularEnumSet$EnumSetIterator done
Event: 8.808 Loading class java/util/ComparableTimSort
Event: 8.808 Loading class java/util/ComparableTimSort done

Classes unloaded (0 events):
No events

Classes redefined (0 events):
No events

Internal exceptions (20 events):
Event: 3.919 Thread 0x000001a8f98dd8b0 Exception <a 'java/lang/NoSuchMethodError'{0x0000000085480e08}: 'java.lang.Object java.lang.invoke.DirectMethodHandle$Holder.invokeSpecial(java.lang.Object, java.lang.Object, java.lang.Object, java.lang.Object, java.lang.Object, java.lang.Object, java.lang.Object, java.lang.Object, java.lang.Object, java.lang.Object, java.lang.Object, java.lang.Object, java.lang.Object, java.lang.Object, java.lang.Object, java.lang.Object, java.lang.Object, java.lang.Object, java.lang.Object, java.lang.Object, java.lang.Ob
Event: 3.919 Thread 0x000001a8f98dd8b0 Exception <a 'java/lang/NoSuchMethodError'{0x0000000085486580}: 'java.lang.Object java.lang.invoke.DelegatingMethodHandle$Holder.reinvoke_L(java.lang.Object, java.lang.Object, java.lang.Object, java.lang.Object, java.lang.Object, java.lang.Object, java.lang.Object, java.lang.Object, java.lang.Object, java.lang.Object, java.lang.Object, java.lang.Object, java.lang.Object, java.lang.Object, java.lang.Object, java.lang.Object, java.lang.Object, java.lang.Object, java.lang.Object, java.lang.Object, java.lang.O
Event: 3.929 Thread 0x000001a8f98dd8b0 Exception <a 'java/lang/NoSuchMethodError'{0x0000000085354c70}: 'java.lang.Object java.lang.invoke.DirectMethodHandle$Holder.invokeStatic(java.lang.Object, java.lang.Object, java.lang.Object, java.lang.Object, java.lang.Object, java.lang.Object, java.lang.Object, java.lang.Object, java.lang.Object, java.lang.Object, java.lang.Object, java.lang.Object, java.lang.Object, java.lang.Object, java.lang.Object, java.lang.Object, java.lang.Object, java.lang.Object, java.lang.Object, java.lang.Object, java.lang.Obj
Event: 3.931 Thread 0x000001a8f98dd8b0 Exception <a 'java/lang/NoSuchMethodError'{0x0000000085387248}: 'java.lang.Object java.lang.invoke.DirectMethodHandle$Holder.invokeStatic(java.lang.Object, java.lang.Object, java.lang.Object, java.lang.Object, java.lang.Object, java.lang.Object, java.lang.Object, java.lang.Object, java.lang.Object, java.lang.Object, java.lang.Object, java.lang.Object, java.lang.Object, java.lang.Object, java.lang.Object, java.lang.Object, java.lang.Object, java.lang.Object, java.lang.Object, java.lang.Object, java.lang.Obj
Event: 3.942 Thread 0x000001a8f98dd8b0 Exception <a 'java/lang/NoSuchMethodError'{0x00000000853f2690}: 'java.lang.Object java.lang.invoke.DirectMethodHandle$Holder.newInvokeSpecial(java.lang.Object, java.lang.Object, java.lang.Object, java.lang.Object, java.lang.Object, java.lang.Object, java.lang.Object, java.lang.Object, java.lang.Object, java.lang.Object, java.lang.Object, java.lang.Object, java.lang.Object)'> (0x00000000853f2690) 
thrown [s\src\hotspot\share\interpreter\linkResolver.cpp, line 784]
Event: 3.943 Thread 0x000001a8f98dd8b0 Exception <a 'java/lang/NoSuchMethodError'{0x00000000853f76a0}: 'java.lang.Object java.lang.invoke.DirectMethodHandle$Holder.invokeSpecial(java.lang.Object, java.lang.Object, java.lang.Object, java.lang.Object, java.lang.Object, java.lang.Object, java.lang.Object, java.lang.Object, java.lang.Object, java.lang.Object, java.lang.Object, java.lang.Object, java.lang.Object, java.lang.Object)'> (0x00000000853f76a0) 
thrown [s\src\hotspot\share\interpreter\linkResolver.cpp, line 784]
Event: 3.943 Thread 0x000001a8f98dd8b0 Exception <a 'java/lang/NoSuchMethodError'{0x00000000853fbbf0}: 'java.lang.Object java.lang.invoke.DelegatingMethodHandle$Holder.reinvoke_L(java.lang.Object, java.lang.Object, java.lang.Object, java.lang.Object, java.lang.Object, java.lang.Object, java.lang.Object, java.lang.Object, java.lang.Object, java.lang.Object, java.lang.Object, java.lang.Object, java.lang.Object)'> (0x00000000853fbbf0) 
thrown [s\src\hotspot\share\interpreter\linkResolver.cpp, line 784]
Event: 4.243 Thread 0x000001a8f98dd8b0 Exception <a 'java/lang/NoSuchMethodError'{0x00000000862c4900}: 'java.lang.Object java.lang.invoke.DirectMethodHandle$Holder.newInvokeSpecial(java.lang.Object, java.lang.Object, int)'> (0x00000000862c4900) 
thrown [s\src\hotspot\share\interpreter\linkResolver.cpp, line 784]
Event: 4.976 Thread 0x000001a8f98dd8b0 Exception <a 'java/lang/NoSuchMethodError'{0x0000000089bf1390}: 'java.lang.Object java.lang.invoke.DirectMethodHandle$Holder.newInvokeSpecial(java.lang.Object, java.lang.Object, java.lang.Object, int)'> (0x0000000089bf1390) 
thrown [s\src\hotspot\share\interpreter\linkResolver.cpp, line 784]
Event: 4.977 Thread 0x000001a8f98dd8b0 Exception <a 'java/lang/NoSuchMethodError'{0x0000000089bf5510}: 'java.lang.Object java.lang.invoke.DirectMethodHandle$Holder.invokeSpecial(java.lang.Object, java.lang.Object, java.lang.Object, java.lang.Object, int)'> (0x0000000089bf5510) 
thrown [s\src\hotspot\share\interpreter\linkResolver.cpp, line 784]
Event: 4.977 Thread 0x000001a8f98dd8b0 Exception <a 'java/lang/NoSuchMethodError'{0x0000000089bfbd18}: 'java.lang.Object java.lang.invoke.Invokers$Holder.linkToTargetMethod(java.lang.Object, java.lang.Object, int, java.lang.Object)'> (0x0000000089bfbd18) 
thrown [s\src\hotspot\share\interpreter\linkResolver.cpp, line 784]
Event: 7.692 Thread 0x000001a8f98dd8b0 Exception <a 'java/lang/NoSuchMethodError'{0x0000000089b8cb98}: 'java.lang.Object java.lang.invoke.DirectMethodHandle$Holder.newInvokeSpecial(java.lang.Object, java.lang.Object, java.lang.Object, java.lang.Object, int)'> (0x0000000089b8cb98) 
thrown [s\src\hotspot\share\interpreter\linkResolver.cpp, line 784]
Event: 7.692 Thread 0x000001a8f98dd8b0 Exception <a 'java/lang/NoSuchMethodError'{0x0000000089b914b0}: 'java.lang.Object java.lang.invoke.DirectMethodHandle$Holder.invokeSpecial(java.lang.Object, java.lang.Object, java.lang.Object, java.lang.Object, java.lang.Object, int)'> (0x0000000089b914b0) 
thrown [s\src\hotspot\share\interpreter\linkResolver.cpp, line 784]
Event: 7.692 Thread 0x000001a8f98dd8b0 Exception <a 'java/lang/NoSuchMethodError'{0x0000000089b963f0}: 'java.lang.Object java.lang.invoke.Invokers$Holder.linkToTargetMethod(java.lang.Object, java.lang.Object, java.lang.Object, int, java.lang.Object)'> (0x0000000089b963f0) 
thrown [s\src\hotspot\share\interpreter\linkResolver.cpp, line 784]
Event: 7.922 Thread 0x000001a8f98dd8b0 Implicit null exception at 0x000001a887b4ca40 to 0x000001a887b4d00c
Event: 7.929 Thread 0x000001a8f98dd8b0 Implicit null exception at 0x000001a887c3cae0 to 0x000001a887c3cbf4
Event: 8.084 Thread 0x000001a8f98dd8b0 Implicit null exception at 0x000001a887ba41c0 to 0x000001a887ba445c
Event: 8.392 Thread 0x000001a8f98dd8b0 Exception <a 'java/lang/NoSuchMethodError'{0x00000000885a8830}: 'java.lang.Object java.lang.invoke.DirectMethodHandle$Holder.invokeSpecial(java.lang.Object, java.lang.Object, java.lang.Object, java.lang.Object, java.lang.Object, java.lang.Object, int)'> (0x00000000885a8830) 
thrown [s\src\hotspot\share\interpreter\linkResolver.cpp, line 784]
Event: 10.720 Thread 0x000001a8f98dd8b0 Exception <a 'java/lang/NoSuchMethodError'{0x0000000089c67088}: 'java.lang.Object java.lang.invoke.DirectMethodHandle$Holder.newInvokeSpecial(java.lang.Object, int, java.lang.Object)'> (0x0000000089c67088) 
thrown [s\src\hotspot\share\interpreter\linkResolver.cpp, line 784]
Event: 10.720 Thread 0x000001a8f98dd8b0 Exception <a 'java/lang/NoSuchMethodError'{0x0000000089c6ce68}: 'int java.lang.invoke.DirectMethodHandle$Holder.invokeInterface(java.lang.Object, java.lang.Object)'> (0x0000000089c6ce68) 
thrown [s\src\hotspot\share\interpreter\linkResolver.cpp, line 784]

ZGC Phase Switch (0 events):
No events

VM Operations (20 events):
Event: 10.539 Executing VM operation: G1PauseCleanup done
Event: 10.590 Executing VM operation: ICBufferFull
Event: 10.590 Executing VM operation: ICBufferFull done
Event: 10.700 Executing VM operation: HandshakeAllThreads (Deoptimize)
Event: 10.700 Executing VM operation: HandshakeAllThreads (Deoptimize) done
Event: 10.705 Executing VM operation: HandshakeAllThreads (Deoptimize)
Event: 10.705 Executing VM operation: HandshakeAllThreads (Deoptimize) done
Event: 10.706 Executing VM operation: ICBufferFull
Event: 10.706 Executing VM operation: ICBufferFull done
Event: 10.732 Executing VM operation: G1CollectForAllocation (G1 Evacuation Pause)
Event: 10.748 Executing VM operation: G1CollectForAllocation (G1 Evacuation Pause) done
Event: 10.950 Executing VM operation: ICBufferFull
Event: 10.950 Executing VM operation: ICBufferFull done
Event: 11.064 Executing VM operation: G1CollectForAllocation (G1 Evacuation Pause)
Event: 11.082 Executing VM operation: G1CollectForAllocation (G1 Evacuation Pause) done
Event: 11.138 Executing VM operation: HandshakeAllThreads (Deoptimize)
Event: 11.138 Executing VM operation: HandshakeAllThreads (Deoptimize) done
Event: 11.251 Executing VM operation: ICBufferFull
Event: 11.251 Executing VM operation: ICBufferFull done
Event: 11.419 Executing VM operation: G1CollectForAllocation (G1 Evacuation Pause)

Memory protections (0 events):
No events

Nmethod flushes (20 events):
Event: 10.480 Thread 0x000001a893243e30 flushing  nmethod 0x000001a880844c90
Event: 10.480 Thread 0x000001a893243e30 flushing  nmethod 0x000001a880852f90
Event: 10.480 Thread 0x000001a893243e30 flushing  nmethod 0x000001a880853a90
Event: 10.480 Thread 0x000001a893243e30 flushing  nmethod 0x000001a880855d10
Event: 10.480 Thread 0x000001a893243e30 flushing  nmethod 0x000001a880859890
Event: 10.480 Thread 0x000001a893243e30 flushing  nmethod 0x000001a88088b290
Event: 10.480 Thread 0x000001a893243e30 flushing  nmethod 0x000001a88089f990
Event: 10.480 Thread 0x000001a893243e30 flushing  nmethod 0x000001a8808f7510
Event: 10.480 Thread 0x000001a893243e30 flushing osr nmethod 0x000001a8808fac10
Event: 10.480 Thread 0x000001a893243e30 flushing  nmethod 0x000001a880997910
Event: 10.480 Thread 0x000001a893243e30 flushing  nmethod 0x000001a8809a2a90
Event: 10.480 Thread 0x000001a893243e30 flushing  nmethod 0x000001a8809e2510
Event: 10.480 Thread 0x000001a893243e30 flushing  nmethod 0x000001a8809f5810
Event: 10.480 Thread 0x000001a893243e30 flushing  nmethod 0x000001a8809ffd90
Event: 10.480 Thread 0x000001a893243e30 flushing  nmethod 0x000001a880a05290
Event: 10.480 Thread 0x000001a893243e30 flushing  nmethod 0x000001a880a07210
Event: 10.480 Thread 0x000001a893243e30 flushing  nmethod 0x000001a880a07790
Event: 10.480 Thread 0x000001a893243e30 flushing  nmethod 0x000001a880a07b10
Event: 10.480 Thread 0x000001a893243e30 flushing  nmethod 0x000001a880a08990
Event: 10.480 Thread 0x000001a893243e30 flushing  nmethod 0x000001a880a08d10

Events (20 events):
Event: 0.083 Thread 0x000001a8f98dd8b0 Thread added: 0x000001a893424200
Event: 0.083 Thread 0x000001a8f98dd8b0 Thread added: 0x000001a893417de0
Event: 0.083 Thread 0x000001a8f98dd8b0 Thread added: 0x000001a893424c50
Event: 0.083 Thread 0x000001a8f98dd8b0 Thread added: 0x000001a893425500
Event: 0.137 Thread 0x000001a8f98dd8b0 Thread added: 0x000001a8935d19c0
Event: 0.145 Thread 0x000001a8f98dd8b0 Thread added: 0x000001a8935d5e60
Event: 0.155 Loaded shared library C:\Program Files\Android\Android Studio\jbr\bin\net.dll
Event: 0.157 Loaded shared library C:\Program Files\Android\Android Studio\jbr\bin\nio.dll
Event: 0.194 Thread 0x000001a893424c50 Thread added: 0x000001a8935d6920
Event: 0.206 Loaded shared library C:\Program Files\Android\Android Studio\jbr\bin\zip.dll
Event: 0.250 Loaded shared library C:\Program Files\Android\Android Studio\jbr\bin\jimage.dll
Event: 0.408 Thread 0x000001a8935d6920 Thread added: 0x000001a8935d9fa0
Event: 0.775 Thread 0x000001a8935d9fa0 Thread exited: 0x000001a8935d9fa0
Event: 0.779 Thread 0x000001a8935d6920 Thread exited: 0x000001a8935d6920
Event: 1.886 Thread 0x000001a893425500 Thread added: 0x000001a8935d76c0
Event: 1.938 Thread 0x000001a893425500 Thread added: 0x000001a8935d6920
Event: 3.321 Thread 0x000001a8935d6920 Thread exited: 0x000001a8935d6920
Event: 3.564 Thread 0x000001a8935d76c0 Thread exited: 0x000001a8935d76c0
Event: 3.711 Thread 0x000001a893425500 Thread added: 0x000001a8935d76c0
Event: 3.788 Thread 0x000001a893425500 Thread added: 0x000001a8935d8460


Dynamic libraries:
0x00007ff62c280000 - 0x00007ff62c28a000 	C:\Program Files\Android\Android Studio\jbr\bin\java.exe
0x00007ffb013a0000 - 0x00007ffb01600000 	C:\WINDOWS\SYSTEM32\ntdll.dll
0x00007ffb005c0000 - 0x00007ffb00687000 	C:\WINDOWS\System32\KERNEL32.DLL
0x00007ffafeac0000 - 0x00007ffafee8a000 	C:\WINDOWS\System32\KERNELBASE.dll
0x00007ffafe610000 - 0x00007ffafe75b000 	C:\WINDOWS\System32\ucrtbase.dll
0x00007ffae7690000 - 0x00007ffae76a8000 	C:\Program Files\Android\Android Studio\jbr\bin\jli.dll
0x00007ffb01000000 - 0x00007ffb011cc000 	C:\WINDOWS\System32\USER32.dll
0x00007ffafee90000 - 0x00007ffafeeb7000 	C:\WINDOWS\System32\win32u.dll
0x00007ffb01330000 - 0x00007ffb0135a000 	C:\WINDOWS\System32\GDI32.dll
0x00007ffaefbc0000 - 0x00007ffaefbdb000 	C:\Program Files\Android\Android Studio\jbr\bin\VCRUNTIME140.dll
0x00007ffafe980000 - 0x00007ffafeab1000 	C:\WINDOWS\System32\gdi32full.dll
0x00007ffafe8d0000 - 0x00007ffafe973000 	C:\WINDOWS\System32\msvcp_win.dll
0x00007ffae6230000 - 0x00007ffae64c7000 	C:\WINDOWS\WinSxS\amd64_microsoft.windows.common-controls_6595b64144ccf1df_6.0.26100.3624_none_3e086962e3345f24\COMCTL32.dll
0x00007ffb01280000 - 0x00007ffb01329000 	C:\WINDOWS\System32\msvcrt.dll
0x00007ffaff1a0000 - 0x00007ffaff1cf000 	C:\WINDOWS\System32\IMM32.DLL
0x00007ffaf2440000 - 0x00007ffaf244c000 	C:\Program Files\Android\Android Studio\jbr\bin\vcruntime140_1.dll
0x00007ffad8450000 - 0x00007ffad84dd000 	C:\Program Files\Android\Android Studio\jbr\bin\msvcp140.dll
0x00007ffabf0d0000 - 0x00007ffabfd5a000 	C:\Program Files\Android\Android Studio\jbr\bin\server\jvm.dll
0x00007ffb00d30000 - 0x00007ffb00de2000 	C:\WINDOWS\System32\ADVAPI32.dll
0x00007ffb011d0000 - 0x00007ffb01276000 	C:\WINDOWS\System32\sechost.dll
0x00007ffb00ab0000 - 0x00007ffb00bc6000 	C:\WINDOWS\System32\RPCRT4.dll
0x00007ffb006a0000 - 0x00007ffb00714000 	C:\WINDOWS\System32\WS2_32.dll
0x00007ffafd210000 - 0x00007ffafd26e000 	C:\WINDOWS\SYSTEM32\POWRPROF.dll
0x00007ffae9550000 - 0x00007ffae9586000 	C:\WINDOWS\SYSTEM32\WINMM.dll
0x00007ffaf6340000 - 0x00007ffaf634b000 	C:\WINDOWS\SYSTEM32\VERSION.dll
0x00007ffafd1f0000 - 0x00007ffafd204000 	C:\WINDOWS\SYSTEM32\UMPDC.dll
0x00007ffafd4b0000 - 0x00007ffafd4ca000 	C:\WINDOWS\SYSTEM32\kernel.appcore.dll
0x00007ffaeecc0000 - 0x00007ffaeecca000 	C:\Program Files\Android\Android Studio\jbr\bin\jimage.dll
0x00007ffaed2e0000 - 0x00007ffaed521000 	C:\WINDOWS\SYSTEM32\DBGHELP.DLL
0x00007ffb00720000 - 0x00007ffb00aa2000 	C:\WINDOWS\System32\combase.dll
0x00007ffb00f00000 - 0x00007ffb00fd6000 	C:\WINDOWS\System32\OLEAUT32.dll
0x00007ffaec320000 - 0x00007ffaec359000 	C:\WINDOWS\SYSTEM32\dbgcore.DLL
0x00007ffaff040000 - 0x00007ffaff0d9000 	C:\WINDOWS\System32\bcryptPrimitives.dll
0x00007ffaeec00000 - 0x00007ffaeec20000 	C:\Program Files\Android\Android Studio\jbr\bin\java.dll
0x00007ffaee2a0000 - 0x00007ffaee2b8000 	C:\Program Files\Android\Android Studio\jbr\bin\zip.dll
0x00007ffaff330000 - 0x00007ffaffa59000 	C:\WINDOWS\System32\SHELL32.dll
0x00007ffafe760000 - 0x00007ffafe8c8000 	C:\WINDOWS\System32\wintypes.dll
0x00007ffafc280000 - 0x00007ffafcad2000 	C:\WINDOWS\SYSTEM32\windows.storage.dll
0x00007ffb004d0000 - 0x00007ffb005bd000 	C:\WINDOWS\System32\SHCORE.dll
0x00007ffaff1e0000 - 0x00007ffaff244000 	C:\WINDOWS\System32\shlwapi.dll
0x00007ffafe490000 - 0x00007ffafe4bf000 	C:\WINDOWS\SYSTEM32\profapi.dll
0x00007ffaeeb00000 - 0x00007ffaeeb10000 	C:\Program Files\Android\Android Studio\jbr\bin\net.dll
0x00007ffaf7e30000 - 0x00007ffaf7f4d000 	C:\WINDOWS\SYSTEM32\WINHTTP.dll
0x00007ffafd9d0000 - 0x00007ffafda3a000 	C:\WINDOWS\system32\mswsock.dll
0x00007ffae9f30000 - 0x00007ffae9f46000 	C:\Program Files\Android\Android Studio\jbr\bin\nio.dll
0x00007ffaee250000 - 0x00007ffaee260000 	C:\Program Files\Android\Android Studio\jbr\bin\verify.dll

dbghelp: loaded successfully - version: 4.0.5 - missing functions: none
symbol engine: initialized successfully - sym options: 0x614 - pdb path: .;C:\Program Files\Android\Android Studio\jbr\bin;C:\WINDOWS\SYSTEM32;C:\WINDOWS\WinSxS\amd64_microsoft.windows.common-controls_6595b64144ccf1df_6.0.26100.3624_none_3e086962e3345f24;C:\Program Files\Android\Android Studio\jbr\bin\server

VM Arguments:
java_command: org.jetbrains.kotlin.cli.jvm.K2JVMCompiler @C:\School-MobileApp\app\build\20250417_18003256935389758045.compiler.options
java_class_path (initial): C:\Users\User 1-Karthick\.gradle\caches\modules-2\files-2.1\org.jetbrains.kotlin\kotlin-compiler-embeddable\1.9.22\9cd4dc7773cf2a99ecd961a88fbbc9a2da3fb5e1\kotlin-compiler-embeddable-1.9.22.jar;C:\Users\User 1-Karthick\.gradle\caches\modules-2\files-2.1\org.jetbrains.kotlin\kotlin-stdlib\1.9.22\d6c44cd08d8f3f9bece8101216dbe6553365c6e3\kotlin-stdlib-1.9.22.jar;C:\Users\User 1-Karthick\.gradle\caches\modules-2\files-2.1\org.jetbrains.kotlin\kotlin-script-runtime\1.9.22\f8139a46fc677ec9badc49ae954392f4f5e7e7c7\kotlin-script-runtime-1.9.22.jar;C:\Users\User 1-Karthick\.gradle\caches\modules-2\files-2.1\org.jetbrains.kotlin\kotlin-reflect\1.6.10\1cbe9c92c12a94eea200d23c2bbaedaf3daf5132\kotlin-reflect-1.6.10.jar;C:\Users\User 1-Karthick\.gradle\caches\modules-2\files-2.1\org.jetbrains.kotlin\kotlin-daemon-embeddable\1.9.22\20e2c5df715f3240c765cfc222530e2796542021\kotlin-daemon-embeddable-1.9.22.jar;C:\Users\User 1-Karthick\.gradle\caches\modules-2\files-2.1\org.jetbrains.intellij.deps\trove4j\1.0.20200330\3afb14d5f9ceb459d724e907a21145e8ff394f02\trove4j-1.0.20200330.jar;C:\Users\User 1-Karthick\.gradle\caches\modules-2\files-2.1\org.jetbrains\annotations\13.0\919f0dfe192fb4e063e7dacadee7f8bb9a2672a9\annotations-13.0.jar
Launcher Type: SUN_STANDARD

[Global flags]
     intx CICompilerCount                          = 4                                         {product} {ergonomic}
     uint ConcGCThreads                            = 2                                         {product} {ergonomic}
     uint G1ConcRefinementThreads                  = 8                                         {product} {ergonomic}
   size_t G1HeapRegionSize                         = 1048576                                   {product} {ergonomic}
    uintx GCDrainStackTargetSize                   = 64                                        {product} {ergonomic}
   size_t InitialHeapSize                          = 132120576                                 {product} {ergonomic}
   size_t MarkStackSize                            = 4194304                                   {product} {ergonomic}
   size_t MaxHeapSize                              = 2095054848                                {product} {ergonomic}
   size_t MaxNewSize                               = 1256194048                                {product} {ergonomic}
   size_t MinHeapDeltaBytes                        = 1048576                                   {product} {ergonomic}
   size_t MinHeapSize                              = 8388608                                   {product} {ergonomic}
    uintx NonNMethodCodeHeapSize                   = 5839372                                {pd product} {ergonomic}
    uintx NonProfiledCodeHeapSize                  = 122909434                              {pd product} {ergonomic}
    uintx ProfiledCodeHeapSize                     = 122909434                              {pd product} {ergonomic}
    uintx ReservedCodeCacheSize                    = 251658240                              {pd product} {ergonomic}
     bool SegmentedCodeCache                       = true                                      {product} {ergonomic}
   size_t SoftMaxHeapSize                          = 2095054848                             {manageable} {ergonomic}
     bool UseCompressedOops                        = true                           {product lp64_product} {ergonomic}
     bool UseG1GC                                  = true                                      {product} {ergonomic}
     bool UseLargePagesIndividualAllocation        = false                                  {pd product} {ergonomic}

Logging:
Log output configuration:
 #0: stdout all=warning uptime,level,tags foldmultilines=false
 #1: stderr all=off uptime,level,tags foldmultilines=false

Environment Variables:
JAVA_HOME=C:\Program Files\Java\jdk-22
PATH=C:\Program Files\Common Files\Oracle\Java\javapath;C:\WINDOWS\system32;C:\WINDOWS;C:\WINDOWS\System32\Wbem;C:\WINDOWS\System32\WindowsPowerShell\v1.0\;C:\WINDOWS\System32\OpenSSH\;C:\Program Files\Java\jdk-22\bin;C:\Users\User 1-Karthick\flutter\bin;C:\Users\User 1-Karthick\AppData\Local\Android\Sdk\tools;C:\Users\User 1-Karthick\AppData\Local\Android\Sdk\platform-tools;C:\Users\User 1-Karthick\AppData\Local\Microsoft\WindowsApps;C:\Users\User 1-Karthick\AppData\Local\Programs\Microsoft VS Code\bin;C:\Users\User 1-Karthick\AppData\Local\Programs\Git\cmd;
USERNAME=User 1-Karthick
OS=Windows_NT
PROCESSOR_IDENTIFIER=Intel64 Family 6 Model 142 Stepping 12, GenuineIntel
TMP=C:\Users\USER1-~1\AppData\Local\Temp
TEMP=C:\Users\USER1-~1\AppData\Local\Temp




Periodic native trim disabled

JNI global refs:
JNI global refs: 13, weak refs: 21

JNI global refs memory usage: 835, weak refs: 833

Process memory usage:
Resident Set Size: 326644K (3% of 8183080K total physical memory with 734964K free physical memory)

OOME stack traces (most recent first):
Classloader memory used:
Loader jdk.internal.loader.ClassLoaders$AppClassLoader                                 : 45446K
Loader bootstrap                                                                       : 12623K
Loader java.net.URLClassLoader                                                         : 129K
Loader jdk.internal.loader.ClassLoaders$PlatformClassLoader                            : 19376B

---------------  S Y S T E M  ---------------

OS:
 Windows 11 , 64 bit Build 26100 (10.0.26100.3775)
OS uptime: 2 days 20:10 hours

CPU: total 8 (initial active 8) (4 cores per cpu, 2 threads per core) family 6 model 142 stepping 12 microcode 0xf0, cx8, cmov, fxsr, ht, mmx, 3dnowpref, sse, sse2, sse3, ssse3, sse4.1, sse4.2, popcnt, lzcnt, tsc, tscinvbit, avx, avx2, aes, erms, clmul, bmi1, bmi2, adx, fma, vzeroupper, clflush, clflushopt, rdtscp, f16c
Processor Information for processor 0
  Max Mhz: 2112, Current Mhz: 1910, Mhz Limit: 1900
Processor Information for processor 1
  Max Mhz: 2112, Current Mhz: 1910, Mhz Limit: 1900
Processor Information for processor 2
  Max Mhz: 2112, Current Mhz: 1910, Mhz Limit: 1900
Processor Information for processor 3
  Max Mhz: 2112, Current Mhz: 1910, Mhz Limit: 1900
Processor Information for processor 4
  Max Mhz: 2112, Current Mhz: 1910, Mhz Limit: 1900
Processor Information for processor 5
  Max Mhz: 2112, Current Mhz: 1910, Mhz Limit: 1900
Processor Information for processor 6
  Max Mhz: 2112, Current Mhz: 1910, Mhz Limit: 1900
Processor Information for processor 7
  Max Mhz: 2112, Current Mhz: 1508, Mhz Limit: 1900

Memory: 4k page, system-wide physical 7991M (717M free)
TotalPageFile size 25640M (AvailPageFile size 67M)
current process WorkingSet (physical memory assigned to process): 319M, peak: 325M
current process commit charge ("private bytes"): 359M, peak: 423M

vm_info: OpenJDK 64-Bit Server VM (21.0.5+-13047016-b750.29) for windows-amd64 JRE (21.0.5+-13047016-b750.29), built on 2025-02-11T21:12:39Z by "builder" with MS VC++ 16.10 / 16.11 (VS2019)

END.
